******************************************************************************
                  TI ARM Linker PC v20.2.6                     
******************************************************************************
>> Linked Tue Dec  6 16:13:42 2022

OUTPUT FILE NAME:   <z_final_proj.out>
ENTRY POINT SYMBOL: "_c_int00_noargs"  address: 0000712d


MEMORY CONFIGURATION

         name            origin    length      used     unused   attr    fill
----------------------  --------  ---------  --------  --------  ----  --------
  FLASH                 00000000   00040000  0000775f  000388a1  R  X
  SRAM                  20000000   00008000  00000fa2  0000705e  RW X


SEGMENT ALLOCATION MAP

run origin  load origin   length   init length attrs members
----------  ----------- ---------- ----------- ----- -------
00000000    00000000    00007768   00007768    r-x
  00000000    00000000    0000026c   0000026c    r-- .intvecs
  0000026c    0000026c    00007150   00007150    r-x .text
  000073c0    000073c0    0000034b   0000034b    r-- .const
  00007710    00007710    00000058   00000058    r-- .cinit
20000000    20000000    00000fa8   00000000    rw-
  20000000    20000000    0000026c   00000000    rw- .vtable
  20000270    20000270    00000800   00000000    rw- .stack
  20000a70    20000a70    00000400   00000000    rw- .sysmem
  20000e70    20000e70    000000de   00000000    rw- .bss
  20000f50    20000f50    00000058   00000000    rw- .data


SECTION ALLOCATION MAP

 output                                  attributes/
section   page    origin      length       input sections
--------  ----  ----------  ----------   ----------------
.intvecs   0    00000000    0000026c     
                  00000000    0000026c     tm4c123gh6pm_startup_ccs.obj (.intvecs)

.text      0    0000026c    00007150     
                  0000026c    00000c20     open_interface.obj (.text)
                  00000e8c    00000a4e     rtsv7M4_T_le_v4SPD16_eabi.lib : _printfi.c.obj (.text:__TI_printfi)
                  000018da    00000002                                   : _lock.c.obj (.text:_nop)
                  000018dc    000009d0                                   : e_pow.c.obj (.text:pow)
                  000022ac    0000093c     main.obj (.text)
                  00002be8    00000738     rtsv7M4_T_le_v4SPD16_eabi.lib : k_rem_pio2.c.obj (.text:__kernel_rem_pio2)
                  00003320    00000690     sensor.obj (.text)
                  000039b0    000005e0     rtsv7M4_T_le_v4SPD16_eabi.lib : s_sin.c.obj (.text:sin)
                  00003f90    000005dc                                   : s_cos.c.obj (.text:cos)
                  0000456c    00000578     movement.obj (.text)
                  00004ae4    00000328     lcd.obj (.text)
                  00004e0c    000002ec     rtsv7M4_T_le_v4SPD16_eabi.lib : s_atan.c.obj (.text:atan)
                  000050f8    00000270                                   : _printfi.c.obj (.text:_pconv_a)
                  00005368    00000248     Timer.obj (.text)
                  000055b0    000001d0     rtsv7M4_T_le_v4SPD16_eabi.lib : _printfi.c.obj (.text:_pconv_g)
                  00005780    000001c8     uart.obj (.text)
                  00005948    000001b6     rtsv7M4_T_le_v4SPD16_eabi.lib : fd_add_t2.asm.obj (.text)
                  00005afe    00000002                                   : div0.asm.obj (.text)
                  00005b00    00000174                                   : k_sin.c.obj (.text:__kernel_sin)
                  00005c74    00000170                                   : k_cos.c.obj (.text:__kernel_cos)
                  00005de4    00000158                                   : e_sqrt.c.obj (.text:sqrt)
                  00005f3c    0000013c                                   : _printfi.c.obj (.text:_pconv_e)
                  00006078    00000136                                   : fd_div_t2.asm.obj (.text)
                  000061ae    00000002     --HOLE-- [fill = 0]
                  000061b0    00000124                                   : _printfi.c.obj (.text:fcvt)
                  000062d4    00000110                                   : s_scalbn.c.obj (.text:scalbn)
                  000063e4    00000100                                   : memory.c.obj (.text:aligned_alloc)
                  000064e4    000000fc                                   : fd_mul_t2.asm.obj (.text)
                  000065e0    000000f8                                   : s_floor.c.obj (.text:floor)
                  000066d8    000000e4                                   : memory.c.obj (.text:free)
                  000067bc    000000b1                                   : _printfi.c.obj (.text:_ltostr)
                  0000686d    00000001     --HOLE-- [fill = 0]
                  0000686e    0000009c                                   : memcpy_t2.asm.obj (.text)
                  0000690a    00000096                                   : ull_div_t2.asm.obj (.text)
                  000069a0    00000086                                   : fd_cmp_t2.asm.obj (.text:__aeabi_cdcmple)
                  00006a26    00000086                                   : fd_cmp_t2.asm.obj (.text:__aeabi_cdrcmple)
                  00006aac    0000007a                                   : memset_t2.asm.obj (.text)
                  00006b26    00000002     --HOLE-- [fill = 0]
                  00006b28    00000074     button.obj (.text)
                  00006b9c    00000070     rtsv7M4_T_le_v4SPD16_eabi.lib : memory.c.obj (.text:split)
                  00006c0c    0000006e                                   : _printfi.c.obj (.text:_mcpy)
                  00006c7a    0000006e                                   : fd_tos_t2.asm.obj (.text)
                  00006ce8    00000068                                   : copy_decompress_lzss.c.obj (.text:decompress:lzss:__TI_decompress_lzss)
                  00006d50    00000064                                   : s_frexp.c.obj (.text:frexp)
                  00006db4    00000056                                   : _printfi.c.obj (.text:_pconv_f)
                  00006e0a    00000054                                   : _ltoa.c.obj (.text:__TI_ltoa)
                  00006e5e    00000052                                   : _printfi.c.obj (.text:_ecpy)
                  00006eb0    0000004c                                   : atoi.c.obj (.text:atoi)
                  00006efc    00000048                                   : fd_toi_t2.asm.obj (.text)
                  00006f44    00000044                                   : autoinit.c.obj (.text:__TI_auto_init_nobinit_nopinit:__TI_auto_init_nobinit_nopinit)
                  00006f88    00000040                                   : sprintf.c.obj (.text:sprintf)
                  00006fc8    00000040                                   : strtok.c.obj (.text:strtok)
                  00007008    00000040                                   : vsnprintf.c.obj (.text:vsnprintf)
                  00007048    0000003e                                   : _printfi.c.obj (.text:_fcpy)
                  00007086    00000002     --HOLE-- [fill = 0]
                  00007088    00000038                                   : memory.c.obj (.text:calloc)
                  000070c0    00000038                                   : fs_tod_t2.asm.obj (.text)
                  000070f8    00000034     driverlib.lib : interrupt.obj (.text:IntRegister)
                  0000712c    00000034     rtsv7M4_T_le_v4SPD16_eabi.lib : boot_cortex_m.c.obj (.text:_c_int00_noargs:_c_int00_noargs)
                  00007160    00000030                                   : vsnprintf.c.obj (.text:_outs)
                  00007190    0000002e                                   : i_tofd_t2.asm.obj (.text)
                  000071be    0000002a                                   : strspn.c.obj (.text:strspn)
                  000071e8    00000028                                   : memory.c.obj (.text:free_list_insert)
                  00007210    00000024                                   : strcspn.c.obj (.text:strcspn)
                  00007234    0000001c                                   : copy_zero_init.c.obj (.text:decompress:ZI:__TI_zero_init_nomemset:__TI_zero_init_nomemset)
                  00007250    0000001c                                   : memory.c.obj (.text:free_list_remove)
                  0000726c    0000001c                                   : memccpy.c.obj (.text:memccpy)
                  00007288    0000001a                                   : s_copysign.c.obj (.text:copysign)
                  000072a2    00000018                                   : vsnprintf.c.obj (.text:_outc)
                  000072ba    00000018                                   : sprintf.c.obj (.text:_outs)
                  000072d2    00000018     open_interface.obj (.text:oi_parseInt)
                  000072ea    00000018     rtsv7M4_T_le_v4SPD16_eabi.lib : strcmp.c.obj (.text:strcmp)
                  00007302    00000016                                   : strchr.c.obj (.text:strchr)
                  00007318    00000014                                   : strcpy.c.obj (.text:strcpy)
                  0000732c    00000014                                   : strlen.c.obj (.text:strlen)
                  00007340    00000012                                   : wcslen.c.obj (.text:wcslen)
                  00007352    00000010     driverlib.lib : interrupt.obj (.text:IntMasterEnable)
                  00007362    00000010     lcd.obj (.text:lcd_clear)
                  00007372    0000000e     rtsv7M4_T_le_v4SPD16_eabi.lib : copy_decompress_none.c.obj (.text:decompress:none:__TI_decompress_none)
                  00007380    0000000c     driverlib.lib : cpu.obj (.text:CPUcpsie)
                  0000738c    0000000c     tm4c123gh6pm_startup_ccs.obj (.text)
                  00007398    0000000a     rtsv7M4_T_le_v4SPD16_eabi.lib : sprintf.c.obj (.text:_outc)
                  000073a2    00000002     --HOLE-- [fill = 0]
                  000073a4    00000008                                   : errno.c.obj (.text:__aeabi_errno_addr)
                  000073ac    00000008                                   : memory.c.obj (.text:malloc)
                  000073b4    00000004                                   : pre_init.c.obj (.text:_system_pre_init)
                  000073b8    00000004                                   : exit.c.obj (.text:abort:abort)

.const     0    000073c0    0000034b     
                  000073c0    00000158     rtsv7M4_T_le_v4SPD16_eabi.lib : k_rem_pio2.c.obj (.const:$O1$$)
                  00007518    00000101                                   : ctype.c.obj (.const:.string:_ctypes_)
                  00007619    00000004     lcd.obj (.const:.string:lineAddress$1)
                  0000761d    00000003     --HOLE-- [fill = 0]
                  00007620    00000098     rtsv7M4_T_le_v4SPD16_eabi.lib : s_atan.c.obj (.const:$O1$$)
                  000076b8    00000030                                   : e_pow.c.obj (.const:$O1$$)
                  000076e8    00000010     main.obj (.const)
                  000076f8    0000000f     open_interface.obj (.const:.string:$P$T0$3)
                  00007707    00000004     lcd.obj (.const:.string:lineAddresses$2)

.cinit     0    00007710    00000058     
                  00007710    00000021     (.cinit..data.load) [load image, compression = lzss]
                  00007731    00000003     --HOLE-- [fill = 0]
                  00007734    0000000c     (__TI_handler_table)
                  00007740    00000008     (.cinit..bss.load) [load image, compression = zero_init]
                  00007748    00000008     (.cinit..vtable.load) [load image, compression = zero_init]
                  00007750    00000018     (__TI_cinit_table)

.init_array 
*          0    00000000    00000000     UNINITIALIZED

.vtable    0    20000000    0000026c     UNINITIALIZED
                  20000000    0000026c     driverlib.lib : interrupt.obj (.vtable)

.stack     0    20000270    00000800     UNINITIALIZED
                  20000270    00000004     rtsv7M4_T_le_v4SPD16_eabi.lib : boot_cortex_m.c.obj (.stack)
                  20000274    000007fc     --HOLE--

.sysmem    0    20000a70    00000400     UNINITIALIZED
                  20000a70    00000010     rtsv7M4_T_le_v4SPD16_eabi.lib : memory.c.obj (.sysmem)
                  20000a80    000003f0     --HOLE--

.bss       0    20000e70    000000de     UNINITIALIZED
                  20000e70    00000064     (.common:tObject)
                  20000ed4    00000054     lcd.obj (.bss:lastbuffer$3)
                  20000f28    00000018     open_interface.obj (.bss:firmware$2)
                  20000f40    00000004     (.common:_timeout_ticks)
                  20000f44    00000004     (.common:overflow_event)
                  20000f48    00000004     (.common:uart_event)
                  20000f4c    00000001     (.common:stopFlag)
                  20000f4d    00000001     (.common:uart_data)

.data      0    20000f50    00000058     UNINITIALIZED
                  20000f50    00000020     open_interface.obj (.data)
                  20000f70    00000015     main.obj (.data:puttyIn)
                  20000f85    00000001     Timer.obj (.data)
                  20000f86    00000001     button.obj (.data)
                  20000f87    00000001     --HOLE--
                  20000f88    00000008     rtsv7M4_T_le_v4SPD16_eabi.lib : _lock.c.obj (.data:$O1$$)
                  20000f90    00000008                                   : memory.c.obj (.data:$O1$$)
                  20000f98    00000008     sensor.obj (.data)
                  20000fa0    00000004     rtsv7M4_T_le_v4SPD16_eabi.lib : errno.c.obj (.data)
                  20000fa4    00000004                                   : strtok.c.obj (.data)

__llvm_prf_cnts 
*          0    20000000    00000000     UNINITIALIZED

MODULE SUMMARY

       Module                         code    ro data   rw data
       ------                         ----    -------   -------
    .\
       open_interface.obj             3128    15        56     
       main.obj                       2364    16        121    
       sensor.obj                     1680    0         12     
       movement.obj                   1400    0         1      
       lcd.obj                        824     8         84     
       tm4c123gh6pm_startup_ccs.obj   12      620       0      
       Timer.obj                      584     0         5      
       uart.obj                       456     0         5      
       button.obj                     116     0         1      
    +--+------------------------------+-------+---------+---------+
       Total:                         10564   659       285    
                                                               
    C:/ti/TivaWare_C_Series-2.2.0.295/driverlib/ccs/Debug/driverlib.lib
       interrupt.obj                  68      0         620    
       cpu.obj                        12      0         0      
    +--+------------------------------+-------+---------+---------+
       Total:                         80      0         620    
                                                               
    C:\ti\ccs1200\ccs\tools\compiler\ti-cgt-arm_20.2.6.LTS\lib\rtsv7M4_T_le_v4SPD16_eabi.lib
       _printfi.c.obj                 4851    0         0      
       e_pow.c.obj                    2512    48        0      
       k_rem_pio2.c.obj               1848    344       0      
       s_sin.c.obj                    1504    0         0      
       s_cos.c.obj                    1500    0         0      
       s_atan.c.obj                   748     152       0      
       memory.c.obj                   728     0         8      
       fd_add_t2.asm.obj              438     0         0      
       k_sin.c.obj                    372     0         0      
       k_cos.c.obj                    368     0         0      
       e_sqrt.c.obj                   344     0         0      
       fd_div_t2.asm.obj              310     0         0      
       s_scalbn.c.obj                 272     0         0      
       fd_cmp_t2.asm.obj              268     0         0      
       ctype.c.obj                    0       257       0      
       fd_mul_t2.asm.obj              252     0         0      
       s_floor.c.obj                  248     0         0      
       memcpy_t2.asm.obj              156     0         0      
       ull_div_t2.asm.obj             150     0         0      
       vsnprintf.c.obj                136     0         0      
       memset_t2.asm.obj              122     0         0      
       fd_tos_t2.asm.obj              110     0         0      
       copy_decompress_lzss.c.obj     104     0         0      
       s_frexp.c.obj                  100     0         0      
       sprintf.c.obj                  98      0         0      
       _ltoa.c.obj                    84      0         0      
       atoi.c.obj                     76      0         0      
       fd_toi_t2.asm.obj              72      0         0      
       autoinit.c.obj                 68      0         0      
       strtok.c.obj                   64      0         4      
       fs_tod_t2.asm.obj              56      0         0      
       boot_cortex_m.c.obj            52      0         0      
       i_tofd_t2.asm.obj              46      0         0      
       strspn.c.obj                   42      0         0      
       strcspn.c.obj                  36      0         0      
       copy_zero_init.c.obj           28      0         0      
       memccpy.c.obj                  28      0         0      
       s_copysign.c.obj               26      0         0      
       strcmp.c.obj                   24      0         0      
       strchr.c.obj                   22      0         0      
       strcpy.c.obj                   20      0         0      
       strlen.c.obj                   20      0         0      
       wcslen.c.obj                   18      0         0      
       copy_decompress_none.c.obj     14      0         0      
       errno.c.obj                    8       0         4      
       _lock.c.obj                    2       0         8      
       exit.c.obj                     4       0         0      
       pre_init.c.obj                 4       0         0      
       div0.asm.obj                   2       0         0      
    +--+------------------------------+-------+---------+---------+
       Total:                         18355   801       24     
                                                               
       Heap:                          0       0         1024   
       Stack:                         0       0         2048   
       Linker Generated:              0       85        0      
    +--+------------------------------+-------+---------+---------+
       Grand Total:                   28999   1545      4001   


LINKER GENERATED COPY TABLES

__TI_cinit_table @ 00007750 records: 3, size/record: 8, table size: 24
	.data: load addr=00007710, load size=00000021 bytes, run addr=20000f50, run size=00000058 bytes, compression=lzss
	.bss: load addr=00007740, load size=00000008 bytes, run addr=20000e70, run size=000000de bytes, compression=zero_init
	.vtable: load addr=00007748, load size=00000008 bytes, run addr=20000000, run size=0000026c bytes, compression=zero_init


LINKER GENERATED HANDLER TABLE

__TI_handler_table @ 00007734 records: 3, size/record: 4, table size: 12
	index: 0, handler: __TI_zero_init
	index: 1, handler: __TI_decompress_lzss
	index: 2, handler: __TI_decompress_none


GLOBAL SYMBOLS: SORTED ALPHABETICALLY BY Name 

address   name                          
-------   ----                          
000073b9  C$$EXIT                       
00007381  CPUcpsie                      
00000bc3  GPIOF_Handler                 
00007353  IntMasterEnable               
000070f9  IntRegister                   
0000738d  ResetISR                      
20000a70  __STACK_END                   
00000800  __STACK_SIZE                  
20000470  __STACK_TOP                   
00000400  __SYSMEM_SIZE                 
00007750  __TI_CINIT_Base               
00007768  __TI_CINIT_Limit              
00007734  __TI_Handler_Table_Base       
00007740  __TI_Handler_Table_Limit      
00006f45  __TI_auto_init_nobinit_nopinit
00006ce9  __TI_decompress_lzss          
00007373  __TI_decompress_none          
00006e0b  __TI_ltoa                     
ffffffff  __TI_pprof_out_hndl           
00000e8d  __TI_printfi                  
ffffffff  __TI_prof_data_size           
ffffffff  __TI_prof_data_start          
00000000  __TI_static_base__            
00007235  __TI_zero_init_nomemset       
000069a1  __aeabi_cdcmpeq               
000069a1  __aeabi_cdcmple               
00006a27  __aeabi_cdrcmple              
00006c7b  __aeabi_d2f                   
00006efd  __aeabi_d2iz                  
00005953  __aeabi_dadd                  
00006079  __aeabi_ddiv                  
000064e5  __aeabi_dmul                  
00005949  __aeabi_dsub                  
000073a5  __aeabi_errno_addr            
000070c1  __aeabi_f2d                   
00007191  __aeabi_i2d                   
00005aff  __aeabi_idiv0                 
00005aff  __aeabi_ldiv0                 
00006aad  __aeabi_memclr                
00006aad  __aeabi_memclr4               
00006aad  __aeabi_memclr8               
0000686f  __aeabi_memcpy                
0000686f  __aeabi_memcpy4               
0000686f  __aeabi_memcpy8               
00006aaf  __aeabi_memset                
00006aaf  __aeabi_memset4               
00006aaf  __aeabi_memset8               
0000690b  __aeabi_uldivmod              
ffffffff  __binit__                     
ffffffff  __c_args__                    
00005c75  __kernel_cos                  
00002be9  __kernel_rem_pio2             
00005b01  __kernel_sin                  
UNDEFED   __mpu_init                    
20000270  __stack                       
20000000  __start___llvm_prf_cnts       
20000000  __stop___llvm_prf_cnts        
0000712d  _c_int00_noargs               
00007518  _ctypes_                      
20000f88  _lock                         
000018db  _nop                          
20000f85  _running                      
20000a70  _sys_memory                   
UNDEFED   _system_post_cinit            
000073b5  _system_pre_init              
20000f40  _timeout_ticks                
20000f8c  _unlock                       
000076e8  a_las                         
000073b9  abort                         
000063e5  aligned_alloc                 
00004e0d  atan                          
00004e0d  atanl                         
00006eb1  atoi                          
000076ec  b_las                         
ffffffff  binit                         
00006b53  button_getButton              
00006b29  button_init                   
00007089  calloc                        
00007289  copysign                      
00007289  copysignl                     
00003f91  cos                           
00003f91  cosl                          
000076f0  degToRad                      
20000fa0  errno                         
000065e1  floor                         
000065e1  floorl                        
000066d9  free                          
00006d51  frexp                         
00006d51  frexpl                        
20000000  g_pfnRAMVectors               
00000000  g_pfnVectors                  
0000097f  go_charge                     
000038d1  init_sensors                  
00003321  laser_init                    
000033a1  laser_read                    
00007363  lcd_clear                     
00004cb9  lcd_gotoLine                  
00004b21  lcd_init                      
00004d1f  lcd_printf                    
00004be1  lcd_putc                      
00004c19  lcd_puts                      
00004ae5  lcd_reverseNibble             
00004c37  lcd_sendCommand               
00004c75  lcd_sendNibble                
00004ce1  lcd_setCursorPos              
000062d5  ldexp                         
000062d5  ldexpl                        
000026b1  main                          
000073ad  malloc                        
000022ad  measure_data                  
000063e5  memalign                      
0000726d  memccpy                       
0000686f  memcpy                        
00006ab5  memset                        
000076f4  minObjDist                    
20000f50  motor_cal_factor_L            
20000f54  motor_cal_factor_R            
000047ad  move_forwards                 
0000026d  oi_alloc                      
00000aa9  oi_checkFirmware              
000002c7  oi_close                      
00000279  oi_free                       
00000ded  oi_getMotorCalibrationLeft    
00000e01  oi_getMotorCalibrationRight   
000002b1  oi_init                       
00000289  oi_init_noupdate              
00000915  oi_loadSong                   
000072d3  oi_parseInt                   
0000032b  oi_parsePacket                
0000096b  oi_play_song                  
0000084b  oi_setLeds                    
00000db1  oi_setMotorCalibration        
0000088f  oi_setWheels                  
00000b51  oi_shutoff_init               
0000098d  oi_uartInit                   
00000a31  oi_uartReceive                
00000a77  oi_uartSendBuff               
00000a15  oi_uartSendChar               
00000a59  oi_uartSendStr                
000002d9  oi_update                     
20000f44  overflow_event                
000033bf  ping_init                     
0000343d  ping_read                     
000018dd  pow                           
000018dd  powl                          
20000f70  puttyIn                       
000062d5  scalbn                        
000062d5  scalbnl                       
000036e5  servo_calibrate               
000034f9  servo_init                    
0000358d  servo_move                    
000039b1  sin                           
000039b1  sinl                          
00006f89  sprintf                       
00005de5  sqrt                          
00005de5  sqrtl                         
20000f4c  stopFlag                      
00007303  strchr                        
000072eb  strcmp                        
00007319  strcpy                        
00007211  strcspn                       
0000732d  strlen                        
000071bf  strspn                        
00006fc9  strtok                        
20000f9c  tMax                          
20000f98  tMin                          
20000e70  tObject                       
00005487  timer_getMicros               
0000542f  timer_getMillis               
00005369  timer_init                    
0000540b  timer_pause                   
0000541d  timer_resume                  
000053e1  timer_stop                    
000054e1  timer_waitMicros              
00005513  timer_waitMillis              
0000456d  turn_clockwise                
20000f4d  uart_data                     
20000f48  uart_event                    
00005781  uart_init                     
000058cd  uart_interrupt_handler        
000058ad  uart_interrupt_init           
00005851  uart_receive                  
00005807  uart_sendChar                 
00005887  uart_sendStr                  
00007009  vsnprintf                     
00007341  wcslen                        


GLOBAL SYMBOLS: SORTED BY Symbol Address 

address   name                          
-------   ----                          
00000000  __TI_static_base__            
00000000  g_pfnVectors                  
0000026d  oi_alloc                      
00000279  oi_free                       
00000289  oi_init_noupdate              
000002b1  oi_init                       
000002c7  oi_close                      
000002d9  oi_update                     
0000032b  oi_parsePacket                
00000400  __SYSMEM_SIZE                 
00000800  __STACK_SIZE                  
0000084b  oi_setLeds                    
0000088f  oi_setWheels                  
00000915  oi_loadSong                   
0000096b  oi_play_song                  
0000097f  go_charge                     
0000098d  oi_uartInit                   
00000a15  oi_uartSendChar               
00000a31  oi_uartReceive                
00000a59  oi_uartSendStr                
00000a77  oi_uartSendBuff               
00000aa9  oi_checkFirmware              
00000b51  oi_shutoff_init               
00000bc3  GPIOF_Handler                 
00000db1  oi_setMotorCalibration        
00000ded  oi_getMotorCalibrationLeft    
00000e01  oi_getMotorCalibrationRight   
00000e8d  __TI_printfi                  
000018db  _nop                          
000018dd  pow                           
000018dd  powl                          
000022ad  measure_data                  
000026b1  main                          
00002be9  __kernel_rem_pio2             
00003321  laser_init                    
000033a1  laser_read                    
000033bf  ping_init                     
0000343d  ping_read                     
000034f9  servo_init                    
0000358d  servo_move                    
000036e5  servo_calibrate               
000038d1  init_sensors                  
000039b1  sin                           
000039b1  sinl                          
00003f91  cos                           
00003f91  cosl                          
0000456d  turn_clockwise                
000047ad  move_forwards                 
00004ae5  lcd_reverseNibble             
00004b21  lcd_init                      
00004be1  lcd_putc                      
00004c19  lcd_puts                      
00004c37  lcd_sendCommand               
00004c75  lcd_sendNibble                
00004cb9  lcd_gotoLine                  
00004ce1  lcd_setCursorPos              
00004d1f  lcd_printf                    
00004e0d  atan                          
00004e0d  atanl                         
00005369  timer_init                    
000053e1  timer_stop                    
0000540b  timer_pause                   
0000541d  timer_resume                  
0000542f  timer_getMillis               
00005487  timer_getMicros               
000054e1  timer_waitMicros              
00005513  timer_waitMillis              
00005781  uart_init                     
00005807  uart_sendChar                 
00005851  uart_receive                  
00005887  uart_sendStr                  
000058ad  uart_interrupt_init           
000058cd  uart_interrupt_handler        
00005949  __aeabi_dsub                  
00005953  __aeabi_dadd                  
00005aff  __aeabi_idiv0                 
00005aff  __aeabi_ldiv0                 
00005b01  __kernel_sin                  
00005c75  __kernel_cos                  
00005de5  sqrt                          
00005de5  sqrtl                         
00006079  __aeabi_ddiv                  
000062d5  ldexp                         
000062d5  ldexpl                        
000062d5  scalbn                        
000062d5  scalbnl                       
000063e5  aligned_alloc                 
000063e5  memalign                      
000064e5  __aeabi_dmul                  
000065e1  floor                         
000065e1  floorl                        
000066d9  free                          
0000686f  __aeabi_memcpy                
0000686f  __aeabi_memcpy4               
0000686f  __aeabi_memcpy8               
0000686f  memcpy                        
0000690b  __aeabi_uldivmod              
000069a1  __aeabi_cdcmpeq               
000069a1  __aeabi_cdcmple               
00006a27  __aeabi_cdrcmple              
00006aad  __aeabi_memclr                
00006aad  __aeabi_memclr4               
00006aad  __aeabi_memclr8               
00006aaf  __aeabi_memset                
00006aaf  __aeabi_memset4               
00006aaf  __aeabi_memset8               
00006ab5  memset                        
00006b29  button_init                   
00006b53  button_getButton              
00006c7b  __aeabi_d2f                   
00006ce9  __TI_decompress_lzss          
00006d51  frexp                         
00006d51  frexpl                        
00006e0b  __TI_ltoa                     
00006eb1  atoi                          
00006efd  __aeabi_d2iz                  
00006f45  __TI_auto_init_nobinit_nopinit
00006f89  sprintf                       
00006fc9  strtok                        
00007009  vsnprintf                     
00007089  calloc                        
000070c1  __aeabi_f2d                   
000070f9  IntRegister                   
0000712d  _c_int00_noargs               
00007191  __aeabi_i2d                   
000071bf  strspn                        
00007211  strcspn                       
00007235  __TI_zero_init_nomemset       
0000726d  memccpy                       
00007289  copysign                      
00007289  copysignl                     
000072d3  oi_parseInt                   
000072eb  strcmp                        
00007303  strchr                        
00007319  strcpy                        
0000732d  strlen                        
00007341  wcslen                        
00007353  IntMasterEnable               
00007363  lcd_clear                     
00007373  __TI_decompress_none          
00007381  CPUcpsie                      
0000738d  ResetISR                      
000073a5  __aeabi_errno_addr            
000073ad  malloc                        
000073b5  _system_pre_init              
000073b9  C$$EXIT                       
000073b9  abort                         
00007518  _ctypes_                      
000076e8  a_las                         
000076ec  b_las                         
000076f0  degToRad                      
000076f4  minObjDist                    
00007734  __TI_Handler_Table_Base       
00007740  __TI_Handler_Table_Limit      
00007750  __TI_CINIT_Base               
00007768  __TI_CINIT_Limit              
20000000  __start___llvm_prf_cnts       
20000000  __stop___llvm_prf_cnts        
20000000  g_pfnRAMVectors               
20000270  __stack                       
20000470  __STACK_TOP                   
20000a70  __STACK_END                   
20000a70  _sys_memory                   
20000e70  tObject                       
20000f40  _timeout_ticks                
20000f44  overflow_event                
20000f48  uart_event                    
20000f4c  stopFlag                      
20000f4d  uart_data                     
20000f50  motor_cal_factor_L            
20000f54  motor_cal_factor_R            
20000f70  puttyIn                       
20000f85  _running                      
20000f88  _lock                         
20000f8c  _unlock                       
20000f98  tMin                          
20000f9c  tMax                          
20000fa0  errno                         
ffffffff  __TI_pprof_out_hndl           
ffffffff  __TI_prof_data_size           
ffffffff  __TI_prof_data_start          
ffffffff  __binit__                     
ffffffff  __c_args__                    
ffffffff  binit                         
UNDEFED   __mpu_init                    
UNDEFED   _system_post_cinit            

[186 symbols]
