<?xml version="1.0" encoding="ISO-8859-1" ?>
<link_info>
   <banner>TI ARM Linker PC v20.2.6.LTS</banner>
   <copyright>Copyright (c) 1996-2018 Texas Instruments Incorporated</copyright>
   <link_time>0x638fbe96</link_time>
   <link_errors>0x0</link_errors>
   <output_file>z_final_proj.out</output_file>
   <entry_point>
      <name>_c_int00_noargs</name>
      <address>0x712d</address>
   </entry_point>
   <input_file_list>
      <input_file id="fl-2">
         <path>.\</path>
         <kind>object</kind>
         <file>Timer.obj</file>
         <name>Timer.obj</name>
      </input_file>
      <input_file id="fl-3">
         <path>.\</path>
         <kind>object</kind>
         <file>button.obj</file>
         <name>button.obj</name>
      </input_file>
      <input_file id="fl-4">
         <path>.\</path>
         <kind>object</kind>
         <file>lcd.obj</file>
         <name>lcd.obj</name>
      </input_file>
      <input_file id="fl-5">
         <path>.\</path>
         <kind>object</kind>
         <file>main.obj</file>
         <name>main.obj</name>
      </input_file>
      <input_file id="fl-6">
         <path>.\</path>
         <kind>object</kind>
         <file>movement.obj</file>
         <name>movement.obj</name>
      </input_file>
      <input_file id="fl-7">
         <path>.\</path>
         <kind>object</kind>
         <file>open_interface.obj</file>
         <name>open_interface.obj</name>
      </input_file>
      <input_file id="fl-8">
         <path>.\</path>
         <kind>object</kind>
         <file>sensor.obj</file>
         <name>sensor.obj</name>
      </input_file>
      <input_file id="fl-9">
         <path>.\</path>
         <kind>object</kind>
         <file>tm4c123gh6pm_startup_ccs.obj</file>
         <name>tm4c123gh6pm_startup_ccs.obj</name>
      </input_file>
      <input_file id="fl-a">
         <path>.\</path>
         <kind>object</kind>
         <file>uart.obj</file>
         <name>uart.obj</name>
      </input_file>
      <input_file id="fl-f">
         <kind>object</kind>
         <file>&lt;internal&gt;</file>
         <name>&lt;internal&gt;</name>
      </input_file>
      <input_file id="fl-c5">
         <path>C:\ti\ccs1200\ccs\tools\compiler\ti-cgt-arm_20.2.6.LTS\lib\</path>
         <kind>archive</kind>
         <file>rtsv7M4_T_le_v4SPD16_eabi.lib</file>
         <name>e_pow.c.obj</name>
      </input_file>
      <input_file id="fl-c6">
         <path>C:\ti\ccs1200\ccs\tools\compiler\ti-cgt-arm_20.2.6.LTS\lib\</path>
         <kind>archive</kind>
         <file>rtsv7M4_T_le_v4SPD16_eabi.lib</file>
         <name>e_sqrt.c.obj</name>
      </input_file>
      <input_file id="fl-c7">
         <path>C:\ti\ccs1200\ccs\tools\compiler\ti-cgt-arm_20.2.6.LTS\lib\</path>
         <kind>archive</kind>
         <file>rtsv7M4_T_le_v4SPD16_eabi.lib</file>
         <name>s_atan.c.obj</name>
      </input_file>
      <input_file id="fl-c8">
         <path>C:\ti\ccs1200\ccs\tools\compiler\ti-cgt-arm_20.2.6.LTS\lib\</path>
         <kind>archive</kind>
         <file>rtsv7M4_T_le_v4SPD16_eabi.lib</file>
         <name>s_cos.c.obj</name>
      </input_file>
      <input_file id="fl-c9">
         <path>C:\ti\ccs1200\ccs\tools\compiler\ti-cgt-arm_20.2.6.LTS\lib\</path>
         <kind>archive</kind>
         <file>rtsv7M4_T_le_v4SPD16_eabi.lib</file>
         <name>s_scalbn.c.obj</name>
      </input_file>
      <input_file id="fl-ca">
         <path>C:\ti\ccs1200\ccs\tools\compiler\ti-cgt-arm_20.2.6.LTS\lib\</path>
         <kind>archive</kind>
         <file>rtsv7M4_T_le_v4SPD16_eabi.lib</file>
         <name>s_sin.c.obj</name>
      </input_file>
      <input_file id="fl-cb">
         <path>C:\ti\ccs1200\ccs\tools\compiler\ti-cgt-arm_20.2.6.LTS\lib\</path>
         <kind>archive</kind>
         <file>rtsv7M4_T_le_v4SPD16_eabi.lib</file>
         <name>s_copysign.c.obj</name>
      </input_file>
      <input_file id="fl-cc">
         <path>C:\ti\ccs1200\ccs\tools\compiler\ti-cgt-arm_20.2.6.LTS\lib\</path>
         <kind>archive</kind>
         <file>rtsv7M4_T_le_v4SPD16_eabi.lib</file>
         <name>sprintf.c.obj</name>
      </input_file>
      <input_file id="fl-cd">
         <path>C:\ti\ccs1200\ccs\tools\compiler\ti-cgt-arm_20.2.6.LTS\lib\</path>
         <kind>archive</kind>
         <file>rtsv7M4_T_le_v4SPD16_eabi.lib</file>
         <name>vsnprintf.c.obj</name>
      </input_file>
      <input_file id="fl-ce">
         <path>C:\ti\ccs1200\ccs\tools\compiler\ti-cgt-arm_20.2.6.LTS\lib\</path>
         <kind>archive</kind>
         <file>rtsv7M4_T_le_v4SPD16_eabi.lib</file>
         <name>fd_add_t2.asm.obj</name>
      </input_file>
      <input_file id="fl-cf">
         <path>C:\ti\ccs1200\ccs\tools\compiler\ti-cgt-arm_20.2.6.LTS\lib\</path>
         <kind>archive</kind>
         <file>rtsv7M4_T_le_v4SPD16_eabi.lib</file>
         <name>fd_cmp_t2.asm.obj</name>
      </input_file>
      <input_file id="fl-d0">
         <path>C:\ti\ccs1200\ccs\tools\compiler\ti-cgt-arm_20.2.6.LTS\lib\</path>
         <kind>archive</kind>
         <file>rtsv7M4_T_le_v4SPD16_eabi.lib</file>
         <name>fd_div_t2.asm.obj</name>
      </input_file>
      <input_file id="fl-d1">
         <path>C:\ti\ccs1200\ccs\tools\compiler\ti-cgt-arm_20.2.6.LTS\lib\</path>
         <kind>archive</kind>
         <file>rtsv7M4_T_le_v4SPD16_eabi.lib</file>
         <name>fd_mul_t2.asm.obj</name>
      </input_file>
      <input_file id="fl-d2">
         <path>C:\ti\ccs1200\ccs\tools\compiler\ti-cgt-arm_20.2.6.LTS\lib\</path>
         <kind>archive</kind>
         <file>rtsv7M4_T_le_v4SPD16_eabi.lib</file>
         <name>fd_toi_t2.asm.obj</name>
      </input_file>
      <input_file id="fl-d3">
         <path>C:\ti\ccs1200\ccs\tools\compiler\ti-cgt-arm_20.2.6.LTS\lib\</path>
         <kind>archive</kind>
         <file>rtsv7M4_T_le_v4SPD16_eabi.lib</file>
         <name>fd_tos_t2.asm.obj</name>
      </input_file>
      <input_file id="fl-d4">
         <path>C:\ti\ccs1200\ccs\tools\compiler\ti-cgt-arm_20.2.6.LTS\lib\</path>
         <kind>archive</kind>
         <file>rtsv7M4_T_le_v4SPD16_eabi.lib</file>
         <name>fs_tod_t2.asm.obj</name>
      </input_file>
      <input_file id="fl-d5">
         <path>C:\ti\ccs1200\ccs\tools\compiler\ti-cgt-arm_20.2.6.LTS\lib\</path>
         <kind>archive</kind>
         <file>rtsv7M4_T_le_v4SPD16_eabi.lib</file>
         <name>i_tofd_t2.asm.obj</name>
      </input_file>
      <input_file id="fl-d6">
         <path>C:\ti\ccs1200\ccs\tools\compiler\ti-cgt-arm_20.2.6.LTS\lib\</path>
         <kind>archive</kind>
         <file>rtsv7M4_T_le_v4SPD16_eabi.lib</file>
         <name>memcpy_t2.asm.obj</name>
      </input_file>
      <input_file id="fl-d7">
         <path>C:\ti\ccs1200\ccs\tools\compiler\ti-cgt-arm_20.2.6.LTS\lib\</path>
         <kind>archive</kind>
         <file>rtsv7M4_T_le_v4SPD16_eabi.lib</file>
         <name>copy_zero_init.c.obj</name>
      </input_file>
      <input_file id="fl-d8">
         <path>C:\ti\ccs1200\ccs\tools\compiler\ti-cgt-arm_20.2.6.LTS\lib\</path>
         <kind>archive</kind>
         <file>rtsv7M4_T_le_v4SPD16_eabi.lib</file>
         <name>copy_decompress_none.c.obj</name>
      </input_file>
      <input_file id="fl-d9">
         <path>C:\ti\ccs1200\ccs\tools\compiler\ti-cgt-arm_20.2.6.LTS\lib\</path>
         <kind>archive</kind>
         <file>rtsv7M4_T_le_v4SPD16_eabi.lib</file>
         <name>copy_decompress_lzss.c.obj</name>
      </input_file>
      <input_file id="fl-da">
         <path>C:\ti\ccs1200\ccs\tools\compiler\ti-cgt-arm_20.2.6.LTS\lib\</path>
         <kind>archive</kind>
         <file>rtsv7M4_T_le_v4SPD16_eabi.lib</file>
         <name>k_rem_pio2.c.obj</name>
      </input_file>
      <input_file id="fl-db">
         <path>C:\ti\ccs1200\ccs\tools\compiler\ti-cgt-arm_20.2.6.LTS\lib\</path>
         <kind>archive</kind>
         <file>rtsv7M4_T_le_v4SPD16_eabi.lib</file>
         <name>atoi.c.obj</name>
      </input_file>
      <input_file id="fl-dc">
         <path>C:\ti\ccs1200\ccs\tools\compiler\ti-cgt-arm_20.2.6.LTS\lib\</path>
         <kind>archive</kind>
         <file>rtsv7M4_T_le_v4SPD16_eabi.lib</file>
         <name>ctype.c.obj</name>
      </input_file>
      <input_file id="fl-dd">
         <path>C:\ti\ccs1200\ccs\tools\compiler\ti-cgt-arm_20.2.6.LTS\lib\</path>
         <kind>archive</kind>
         <file>rtsv7M4_T_le_v4SPD16_eabi.lib</file>
         <name>memory.c.obj</name>
      </input_file>
      <input_file id="fl-de">
         <path>C:\ti\ccs1200\ccs\tools\compiler\ti-cgt-arm_20.2.6.LTS\lib\</path>
         <kind>archive</kind>
         <file>rtsv7M4_T_le_v4SPD16_eabi.lib</file>
         <name>strcmp.c.obj</name>
      </input_file>
      <input_file id="fl-df">
         <path>C:\ti\ccs1200\ccs\tools\compiler\ti-cgt-arm_20.2.6.LTS\lib\</path>
         <kind>archive</kind>
         <file>rtsv7M4_T_le_v4SPD16_eabi.lib</file>
         <name>strcpy.c.obj</name>
      </input_file>
      <input_file id="fl-e0">
         <path>C:\ti\ccs1200\ccs\tools\compiler\ti-cgt-arm_20.2.6.LTS\lib\</path>
         <kind>archive</kind>
         <file>rtsv7M4_T_le_v4SPD16_eabi.lib</file>
         <name>strtok.c.obj</name>
      </input_file>
      <input_file id="fl-e1">
         <path>C:\ti\ccs1200\ccs\tools\compiler\ti-cgt-arm_20.2.6.LTS\lib\</path>
         <kind>archive</kind>
         <file>rtsv7M4_T_le_v4SPD16_eabi.lib</file>
         <name>errno.c.obj</name>
      </input_file>
      <input_file id="fl-e2">
         <path>C:\ti\ccs1200\ccs\tools\compiler\ti-cgt-arm_20.2.6.LTS\lib\</path>
         <kind>archive</kind>
         <file>rtsv7M4_T_le_v4SPD16_eabi.lib</file>
         <name>boot_cortex_m.c.obj</name>
      </input_file>
      <input_file id="fl-e3">
         <path>C:\ti\ccs1200\ccs\tools\compiler\ti-cgt-arm_20.2.6.LTS\lib\</path>
         <kind>archive</kind>
         <file>rtsv7M4_T_le_v4SPD16_eabi.lib</file>
         <name>k_cos.c.obj</name>
      </input_file>
      <input_file id="fl-e4">
         <path>C:\ti\ccs1200\ccs\tools\compiler\ti-cgt-arm_20.2.6.LTS\lib\</path>
         <kind>archive</kind>
         <file>rtsv7M4_T_le_v4SPD16_eabi.lib</file>
         <name>k_sin.c.obj</name>
      </input_file>
      <input_file id="fl-e5">
         <path>C:\ti\ccs1200\ccs\tools\compiler\ti-cgt-arm_20.2.6.LTS\lib\</path>
         <kind>archive</kind>
         <file>rtsv7M4_T_le_v4SPD16_eabi.lib</file>
         <name>s_floor.c.obj</name>
      </input_file>
      <input_file id="fl-e6">
         <path>C:\ti\ccs1200\ccs\tools\compiler\ti-cgt-arm_20.2.6.LTS\lib\</path>
         <kind>archive</kind>
         <file>rtsv7M4_T_le_v4SPD16_eabi.lib</file>
         <name>_printfi.c.obj</name>
      </input_file>
      <input_file id="fl-e7">
         <path>C:\ti\ccs1200\ccs\tools\compiler\ti-cgt-arm_20.2.6.LTS\lib\</path>
         <kind>archive</kind>
         <file>rtsv7M4_T_le_v4SPD16_eabi.lib</file>
         <name>memset_t2.asm.obj</name>
      </input_file>
      <input_file id="fl-e8">
         <path>C:\ti\ccs1200\ccs\tools\compiler\ti-cgt-arm_20.2.6.LTS\lib\</path>
         <kind>archive</kind>
         <file>rtsv7M4_T_le_v4SPD16_eabi.lib</file>
         <name>ull_div_t2.asm.obj</name>
      </input_file>
      <input_file id="fl-e9">
         <path>C:\ti\ccs1200\ccs\tools\compiler\ti-cgt-arm_20.2.6.LTS\lib\</path>
         <kind>archive</kind>
         <file>rtsv7M4_T_le_v4SPD16_eabi.lib</file>
         <name>autoinit.c.obj</name>
      </input_file>
      <input_file id="fl-ea">
         <path>C:\ti\ccs1200\ccs\tools\compiler\ti-cgt-arm_20.2.6.LTS\lib\</path>
         <kind>archive</kind>
         <file>rtsv7M4_T_le_v4SPD16_eabi.lib</file>
         <name>pre_init.c.obj</name>
      </input_file>
      <input_file id="fl-eb">
         <path>C:\ti\ccs1200\ccs\tools\compiler\ti-cgt-arm_20.2.6.LTS\lib\</path>
         <kind>archive</kind>
         <file>rtsv7M4_T_le_v4SPD16_eabi.lib</file>
         <name>cpy_tbl.c.obj</name>
      </input_file>
      <input_file id="fl-ec">
         <path>C:\ti\ccs1200\ccs\tools\compiler\ti-cgt-arm_20.2.6.LTS\lib\</path>
         <kind>archive</kind>
         <file>rtsv7M4_T_le_v4SPD16_eabi.lib</file>
         <name>exit.c.obj</name>
      </input_file>
      <input_file id="fl-ed">
         <path>C:\ti\ccs1200\ccs\tools\compiler\ti-cgt-arm_20.2.6.LTS\lib\</path>
         <kind>archive</kind>
         <file>rtsv7M4_T_le_v4SPD16_eabi.lib</file>
         <name>_lock.c.obj</name>
      </input_file>
      <input_file id="fl-ee">
         <path>C:\ti\ccs1200\ccs\tools\compiler\ti-cgt-arm_20.2.6.LTS\lib\</path>
         <kind>archive</kind>
         <file>rtsv7M4_T_le_v4SPD16_eabi.lib</file>
         <name>_ltoa.c.obj</name>
      </input_file>
      <input_file id="fl-ef">
         <path>C:\ti\ccs1200\ccs\tools\compiler\ti-cgt-arm_20.2.6.LTS\lib\</path>
         <kind>archive</kind>
         <file>rtsv7M4_T_le_v4SPD16_eabi.lib</file>
         <name>args_main.c.obj</name>
      </input_file>
      <input_file id="fl-f0">
         <path>C:\ti\ccs1200\ccs\tools\compiler\ti-cgt-arm_20.2.6.LTS\lib\</path>
         <kind>archive</kind>
         <file>rtsv7M4_T_le_v4SPD16_eabi.lib</file>
         <name>memccpy.c.obj</name>
      </input_file>
      <input_file id="fl-f1">
         <path>C:\ti\ccs1200\ccs\tools\compiler\ti-cgt-arm_20.2.6.LTS\lib\</path>
         <kind>archive</kind>
         <file>rtsv7M4_T_le_v4SPD16_eabi.lib</file>
         <name>strchr.c.obj</name>
      </input_file>
      <input_file id="fl-f2">
         <path>C:\ti\ccs1200\ccs\tools\compiler\ti-cgt-arm_20.2.6.LTS\lib\</path>
         <kind>archive</kind>
         <file>rtsv7M4_T_le_v4SPD16_eabi.lib</file>
         <name>strcspn.c.obj</name>
      </input_file>
      <input_file id="fl-f3">
         <path>C:\ti\ccs1200\ccs\tools\compiler\ti-cgt-arm_20.2.6.LTS\lib\</path>
         <kind>archive</kind>
         <file>rtsv7M4_T_le_v4SPD16_eabi.lib</file>
         <name>strlen.c.obj</name>
      </input_file>
      <input_file id="fl-f4">
         <path>C:\ti\ccs1200\ccs\tools\compiler\ti-cgt-arm_20.2.6.LTS\lib\</path>
         <kind>archive</kind>
         <file>rtsv7M4_T_le_v4SPD16_eabi.lib</file>
         <name>strspn.c.obj</name>
      </input_file>
      <input_file id="fl-f5">
         <path>C:\ti\ccs1200\ccs\tools\compiler\ti-cgt-arm_20.2.6.LTS\lib\</path>
         <kind>archive</kind>
         <file>rtsv7M4_T_le_v4SPD16_eabi.lib</file>
         <name>s_frexp.c.obj</name>
      </input_file>
      <input_file id="fl-f6">
         <path>C:\ti\ccs1200\ccs\tools\compiler\ti-cgt-arm_20.2.6.LTS\lib\</path>
         <kind>archive</kind>
         <file>rtsv7M4_T_le_v4SPD16_eabi.lib</file>
         <name>wcslen.c.obj</name>
      </input_file>
      <input_file id="fl-f7">
         <path>C:\ti\ccs1200\ccs\tools\compiler\ti-cgt-arm_20.2.6.LTS\lib\</path>
         <kind>archive</kind>
         <file>rtsv7M4_T_le_v4SPD16_eabi.lib</file>
         <name>div0.asm.obj</name>
      </input_file>
      <input_file id="fl-f8">
         <path>C:\ti\TivaWare_C_Series-2.2.0.295\driverlib\ccs\Debug\</path>
         <kind>archive</kind>
         <file>driverlib.lib</file>
         <name>interrupt.obj</name>
      </input_file>
      <input_file id="fl-f9">
         <path>C:\ti\TivaWare_C_Series-2.2.0.295\driverlib\ccs\Debug\</path>
         <kind>archive</kind>
         <file>driverlib.lib</file>
         <name>cpu.obj</name>
      </input_file>
   </input_file_list>
   <object_component_list>
      <object_component id="oc-12">
         <name>.intvecs</name>
         <load_address>0x0</load_address>
         <run_address>0x0</run_address>
         <size>0x26c</size>
         <input_file_ref idref="fl-9"/>
      </object_component>
      <object_component id="oc-142">
         <name>.text</name>
         <load_address>0x26c</load_address>
         <run_address>0x26c</run_address>
         <size>0xc20</size>
         <input_file_ref idref="fl-7"/>
      </object_component>
      <object_component id="oc-205">
         <name>.text:__TI_printfi</name>
         <load_address>0xe8c</load_address>
         <run_address>0xe8c</run_address>
         <size>0xa4e</size>
         <input_file_ref idref="fl-e6"/>
      </object_component>
      <object_component id="oc-397">
         <name>.text:_nop</name>
         <load_address>0x18da</load_address>
         <run_address>0x18da</run_address>
         <size>0x2</size>
         <input_file_ref idref="fl-ed"/>
      </object_component>
      <object_component id="oc-e7">
         <name>.text:pow</name>
         <load_address>0x18dc</load_address>
         <run_address>0x18dc</run_address>
         <size>0x9d0</size>
         <input_file_ref idref="fl-c5"/>
      </object_component>
      <object_component id="oc-a2">
         <name>.text</name>
         <load_address>0x22ac</load_address>
         <run_address>0x22ac</run_address>
         <size>0x93c</size>
         <input_file_ref idref="fl-5"/>
      </object_component>
      <object_component id="oc-1f5">
         <name>.text:__kernel_rem_pio2</name>
         <load_address>0x2be8</load_address>
         <run_address>0x2be8</run_address>
         <size>0x738</size>
         <input_file_ref idref="fl-da"/>
      </object_component>
      <object_component id="oc-d7">
         <name>.text</name>
         <load_address>0x3320</load_address>
         <run_address>0x3320</run_address>
         <size>0x690</size>
         <input_file_ref idref="fl-8"/>
      </object_component>
      <object_component id="oc-103">
         <name>.text:sin</name>
         <load_address>0x39b0</load_address>
         <run_address>0x39b0</run_address>
         <size>0x5e0</size>
         <input_file_ref idref="fl-ca"/>
      </object_component>
      <object_component id="oc-11a">
         <name>.text:cos</name>
         <load_address>0x3f90</load_address>
         <run_address>0x3f90</run_address>
         <size>0x5dc</size>
         <input_file_ref idref="fl-c8"/>
      </object_component>
      <object_component id="oc-160">
         <name>.text</name>
         <load_address>0x456c</load_address>
         <run_address>0x456c</run_address>
         <size>0x578</size>
         <input_file_ref idref="fl-6"/>
      </object_component>
      <object_component id="oc-136">
         <name>.text</name>
         <load_address>0x4ae4</load_address>
         <run_address>0x4ae4</run_address>
         <size>0x328</size>
         <input_file_ref idref="fl-4"/>
      </object_component>
      <object_component id="oc-12b">
         <name>.text:atan</name>
         <load_address>0x4e0c</load_address>
         <run_address>0x4e0c</run_address>
         <size>0x2ec</size>
         <input_file_ref idref="fl-c7"/>
      </object_component>
      <object_component id="oc-32c">
         <name>.text:_pconv_a</name>
         <load_address>0x50f8</load_address>
         <run_address>0x50f8</run_address>
         <size>0x270</size>
         <input_file_ref idref="fl-e6"/>
      </object_component>
      <object_component id="oc-fd">
         <name>.text</name>
         <load_address>0x5368</load_address>
         <run_address>0x5368</run_address>
         <size>0x248</size>
         <input_file_ref idref="fl-2"/>
      </object_component>
      <object_component id="oc-31a">
         <name>.text:_pconv_g</name>
         <load_address>0x55b0</load_address>
         <run_address>0x55b0</run_address>
         <size>0x1d0</size>
         <input_file_ref idref="fl-e6"/>
      </object_component>
      <object_component id="oc-f7">
         <name>.text</name>
         <load_address>0x5780</load_address>
         <run_address>0x5780</run_address>
         <size>0x1c8</size>
         <input_file_ref idref="fl-a"/>
      </object_component>
      <object_component id="oc-115">
         <name>.text</name>
         <load_address>0x5948</load_address>
         <run_address>0x5948</run_address>
         <size>0x1b6</size>
         <input_file_ref idref="fl-ce"/>
      </object_component>
      <object_component id="oc-44e">
         <name>.text</name>
         <load_address>0x5afe</load_address>
         <run_address>0x5afe</run_address>
         <size>0x2</size>
         <input_file_ref idref="fl-f7"/>
      </object_component>
      <object_component id="oc-1ef">
         <name>.text:__kernel_sin</name>
         <load_address>0x5b00</load_address>
         <run_address>0x5b00</run_address>
         <size>0x174</size>
         <input_file_ref idref="fl-e4"/>
      </object_component>
      <object_component id="oc-1fb">
         <name>.text:__kernel_cos</name>
         <load_address>0x5c74</load_address>
         <run_address>0x5c74</run_address>
         <size>0x170</size>
         <input_file_ref idref="fl-e3"/>
      </object_component>
      <object_component id="oc-1ba">
         <name>.text:sqrt</name>
         <load_address>0x5de4</load_address>
         <run_address>0x5de4</run_address>
         <size>0x158</size>
         <input_file_ref idref="fl-c6"/>
      </object_component>
      <object_component id="oc-326">
         <name>.text:_pconv_e</name>
         <load_address>0x5f3c</load_address>
         <run_address>0x5f3c</run_address>
         <size>0x13c</size>
         <input_file_ref idref="fl-e6"/>
      </object_component>
      <object_component id="oc-126">
         <name>.text</name>
         <load_address>0x6078</load_address>
         <run_address>0x6078</run_address>
         <size>0x136</size>
         <input_file_ref idref="fl-d0"/>
      </object_component>
      <object_component id="oc-3f9">
         <name>.text:fcvt</name>
         <load_address>0x61b0</load_address>
         <run_address>0x61b0</run_address>
         <size>0x124</size>
         <input_file_ref idref="fl-e6"/>
      </object_component>
      <object_component id="oc-1d3">
         <name>.text:scalbn</name>
         <load_address>0x62d4</load_address>
         <run_address>0x62d4</run_address>
         <size>0x110</size>
         <input_file_ref idref="fl-c9"/>
      </object_component>
      <object_component id="oc-27a">
         <name>.text:aligned_alloc</name>
         <load_address>0x63e4</load_address>
         <run_address>0x63e4</run_address>
         <size>0x100</size>
         <input_file_ref idref="fl-dd"/>
      </object_component>
      <object_component id="oc-ed">
         <name>.text</name>
         <load_address>0x64e4</load_address>
         <run_address>0x64e4</run_address>
         <size>0xfc</size>
         <input_file_ref idref="fl-d1"/>
      </object_component>
      <object_component id="oc-2fc">
         <name>.text:floor</name>
         <load_address>0x65e0</load_address>
         <run_address>0x65e0</run_address>
         <size>0xf8</size>
         <input_file_ref idref="fl-e5"/>
      </object_component>
      <object_component id="oc-15a">
         <name>.text:free</name>
         <load_address>0x66d8</load_address>
         <run_address>0x66d8</run_address>
         <size>0xe4</size>
         <input_file_ref idref="fl-dd"/>
      </object_component>
      <object_component id="oc-314">
         <name>.text:_ltostr</name>
         <load_address>0x67bc</load_address>
         <run_address>0x67bc</run_address>
         <size>0xb1</size>
         <input_file_ref idref="fl-e6"/>
      </object_component>
      <object_component id="oc-3e">
         <name>.text</name>
         <load_address>0x686e</load_address>
         <run_address>0x686e</run_address>
         <size>0x9c</size>
         <input_file_ref idref="fl-d6"/>
      </object_component>
      <object_component id="oc-3e0">
         <name>.text</name>
         <load_address>0x690a</load_address>
         <run_address>0x690a</run_address>
         <size>0x96</size>
         <input_file_ref idref="fl-e8"/>
      </object_component>
      <object_component id="oc-1c9">
         <name>.text:__aeabi_cdcmple</name>
         <load_address>0x69a0</load_address>
         <run_address>0x69a0</run_address>
         <size>0x86</size>
         <input_file_ref idref="fl-cf"/>
      </object_component>
      <object_component id="oc-1ce">
         <name>.text:__aeabi_cdrcmple</name>
         <load_address>0x6a26</load_address>
         <run_address>0x6a26</run_address>
         <size>0x86</size>
         <input_file_ref idref="fl-cf"/>
      </object_component>
      <object_component id="oc-96">
         <name>.text</name>
         <load_address>0x6aac</load_address>
         <run_address>0x6aac</run_address>
         <size>0x7a</size>
         <input_file_ref idref="fl-e7"/>
      </object_component>
      <object_component id="oc-13c">
         <name>.text</name>
         <load_address>0x6b28</load_address>
         <run_address>0x6b28</run_address>
         <size>0x74</size>
         <input_file_ref idref="fl-3"/>
      </object_component>
      <object_component id="oc-37e">
         <name>.text:split</name>
         <load_address>0x6b9c</load_address>
         <run_address>0x6b9c</run_address>
         <size>0x70</size>
         <input_file_ref idref="fl-dd"/>
      </object_component>
      <object_component id="oc-3f2">
         <name>.text:_mcpy</name>
         <load_address>0x6c0c</load_address>
         <run_address>0x6c0c</run_address>
         <size>0x6e</size>
         <input_file_ref idref="fl-e6"/>
      </object_component>
      <object_component id="oc-f2">
         <name>.text</name>
         <load_address>0x6c7a</load_address>
         <run_address>0x6c7a</run_address>
         <size>0x6e</size>
         <input_file_ref idref="fl-d3"/>
      </object_component>
      <object_component id="oc-15">
         <name>.text:decompress:lzss:__TI_decompress_lzss</name>
         <load_address>0x6ce8</load_address>
         <run_address>0x6ce8</run_address>
         <size>0x68</size>
         <input_file_ref idref="fl-d9"/>
      </object_component>
      <object_component id="oc-407">
         <name>.text:frexp</name>
         <load_address>0x6d50</load_address>
         <run_address>0x6d50</run_address>
         <size>0x64</size>
         <input_file_ref idref="fl-f5"/>
      </object_component>
      <object_component id="oc-320">
         <name>.text:_pconv_f</name>
         <load_address>0x6db4</load_address>
         <run_address>0x6db4</run_address>
         <size>0x56</size>
         <input_file_ref idref="fl-e6"/>
      </object_component>
      <object_component id="oc-3e6">
         <name>.text:__TI_ltoa</name>
         <load_address>0x6e0a</load_address>
         <run_address>0x6e0a</run_address>
         <size>0x54</size>
         <input_file_ref idref="fl-ee"/>
      </object_component>
      <object_component id="oc-3ec">
         <name>.text:_ecpy</name>
         <load_address>0x6e5e</load_address>
         <run_address>0x6e5e</run_address>
         <size>0x52</size>
         <input_file_ref idref="fl-e6"/>
      </object_component>
      <object_component id="oc-154">
         <name>.text:atoi</name>
         <load_address>0x6eb0</load_address>
         <run_address>0x6eb0</run_address>
         <size>0x4c</size>
         <input_file_ref idref="fl-db"/>
      </object_component>
      <object_component id="oc-131">
         <name>.text</name>
         <load_address>0x6efc</load_address>
         <run_address>0x6efc</run_address>
         <size>0x48</size>
         <input_file_ref idref="fl-d2"/>
      </object_component>
      <object_component id="oc-17d">
         <name>.text:__TI_auto_init_nobinit_nopinit:__TI_auto_init_nobinit_nopinit</name>
         <load_address>0x6f44</load_address>
         <run_address>0x6f44</run_address>
         <size>0x44</size>
         <input_file_ref idref="fl-e9"/>
      </object_component>
      <object_component id="oc-10f">
         <name>.text:sprintf</name>
         <load_address>0x6f88</load_address>
         <run_address>0x6f88</run_address>
         <size>0x40</size>
         <input_file_ref idref="fl-cc"/>
      </object_component>
      <object_component id="oc-14e">
         <name>.text:strtok</name>
         <load_address>0x6fc8</load_address>
         <run_address>0x6fc8</run_address>
         <size>0x40</size>
         <input_file_ref idref="fl-e0"/>
      </object_component>
      <object_component id="oc-246">
         <name>.text:vsnprintf</name>
         <load_address>0x7008</load_address>
         <run_address>0x7008</run_address>
         <size>0x40</size>
         <input_file_ref idref="fl-cd"/>
      </object_component>
      <object_component id="oc-3ff">
         <name>.text:_fcpy</name>
         <load_address>0x7048</load_address>
         <run_address>0x7048</run_address>
         <size>0x3e</size>
         <input_file_ref idref="fl-e6"/>
      </object_component>
      <object_component id="oc-259">
         <name>.text:calloc</name>
         <load_address>0x7088</load_address>
         <run_address>0x7088</run_address>
         <size>0x38</size>
         <input_file_ref idref="fl-dd"/>
      </object_component>
      <object_component id="oc-dd">
         <name>.text</name>
         <load_address>0x70c0</load_address>
         <run_address>0x70c0</run_address>
         <size>0x38</size>
         <input_file_ref idref="fl-d4"/>
      </object_component>
      <object_component id="oc-1e3">
         <name>.text:IntRegister</name>
         <load_address>0x70f8</load_address>
         <run_address>0x70f8</run_address>
         <size>0x34</size>
         <input_file_ref idref="fl-f8"/>
      </object_component>
      <object_component id="oc-5c">
         <name>.text:_c_int00_noargs:_c_int00_noargs</name>
         <load_address>0x712c</load_address>
         <run_address>0x712c</run_address>
         <size>0x34</size>
         <input_file_ref idref="fl-e2"/>
      </object_component>
      <object_component id="oc-354">
         <name>.text:_outs</name>
         <load_address>0x7160</load_address>
         <run_address>0x7160</run_address>
         <size>0x30</size>
         <input_file_ref idref="fl-cd"/>
      </object_component>
      <object_component id="oc-e2">
         <name>.text</name>
         <load_address>0x7190</load_address>
         <run_address>0x7190</run_address>
         <size>0x2e</size>
         <input_file_ref idref="fl-d5"/>
      </object_component>
      <object_component id="oc-281">
         <name>.text:strspn</name>
         <load_address>0x71be</load_address>
         <run_address>0x71be</run_address>
         <size>0x2a</size>
         <input_file_ref idref="fl-f4"/>
      </object_component>
      <object_component id="oc-29d">
         <name>.text:free_list_insert</name>
         <load_address>0x71e8</load_address>
         <run_address>0x71e8</run_address>
         <size>0x28</size>
         <input_file_ref idref="fl-dd"/>
      </object_component>
      <object_component id="oc-287">
         <name>.text:strcspn</name>
         <load_address>0x7210</load_address>
         <run_address>0x7210</run_address>
         <size>0x24</size>
         <input_file_ref idref="fl-f2"/>
      </object_component>
      <object_component id="oc-4a">
         <name>.text:decompress:ZI:__TI_zero_init_nomemset:__TI_zero_init_nomemset</name>
         <load_address>0x7234</load_address>
         <run_address>0x7234</run_address>
         <size>0x1c</size>
         <input_file_ref idref="fl-d7"/>
      </object_component>
      <object_component id="oc-297">
         <name>.text:free_list_remove</name>
         <load_address>0x7250</load_address>
         <run_address>0x7250</run_address>
         <size>0x1c</size>
         <input_file_ref idref="fl-dd"/>
      </object_component>
      <object_component id="oc-332">
         <name>.text:memccpy</name>
         <load_address>0x726c</load_address>
         <run_address>0x726c</run_address>
         <size>0x1c</size>
         <input_file_ref idref="fl-f0"/>
      </object_component>
      <object_component id="oc-2da">
         <name>.text:copysign</name>
         <load_address>0x7288</load_address>
         <run_address>0x7288</run_address>
         <size>0x1a</size>
         <input_file_ref idref="fl-cb"/>
      </object_component>
      <object_component id="oc-35a">
         <name>.text:_outc</name>
         <load_address>0x72a2</load_address>
         <run_address>0x72a2</run_address>
         <size>0x18</size>
         <input_file_ref idref="fl-cd"/>
      </object_component>
      <object_component id="oc-20b">
         <name>.text:_outs</name>
         <load_address>0x72ba</load_address>
         <run_address>0x72ba</run_address>
         <size>0x18</size>
         <input_file_ref idref="fl-cc"/>
      </object_component>
      <object_component id="oc-25f">
         <name>.text:oi_parseInt</name>
         <load_address>0x72d2</load_address>
         <run_address>0x72d2</run_address>
         <size>0x18</size>
         <input_file_ref idref="fl-7"/>
      </object_component>
      <object_component id="oc-24c">
         <name>.text:strcmp</name>
         <load_address>0x72ea</load_address>
         <run_address>0x72ea</run_address>
         <size>0x18</size>
         <input_file_ref idref="fl-de"/>
      </object_component>
      <object_component id="oc-40d">
         <name>.text:strchr</name>
         <load_address>0x7302</load_address>
         <run_address>0x7302</run_address>
         <size>0x16</size>
         <input_file_ref idref="fl-f1"/>
      </object_component>
      <object_component id="oc-109">
         <name>.text:strcpy</name>
         <load_address>0x7318</load_address>
         <run_address>0x7318</run_address>
         <size>0x14</size>
         <input_file_ref idref="fl-df"/>
      </object_component>
      <object_component id="oc-30e">
         <name>.text:strlen</name>
         <load_address>0x732c</load_address>
         <run_address>0x732c</run_address>
         <size>0x14</size>
         <input_file_ref idref="fl-f3"/>
      </object_component>
      <object_component id="oc-338">
         <name>.text:wcslen</name>
         <load_address>0x7340</load_address>
         <run_address>0x7340</run_address>
         <size>0x12</size>
         <input_file_ref idref="fl-f6"/>
      </object_component>
      <object_component id="oc-266">
         <name>.text:IntMasterEnable</name>
         <load_address>0x7352</load_address>
         <run_address>0x7352</run_address>
         <size>0x10</size>
         <input_file_ref idref="fl-f8"/>
      </object_component>
      <object_component id="oc-23f">
         <name>.text:lcd_clear</name>
         <load_address>0x7362</load_address>
         <run_address>0x7362</run_address>
         <size>0x10</size>
         <input_file_ref idref="fl-4"/>
      </object_component>
      <object_component id="oc-1b">
         <name>.text:decompress:none:__TI_decompress_none</name>
         <load_address>0x7372</load_address>
         <run_address>0x7372</run_address>
         <size>0xe</size>
         <input_file_ref idref="fl-d8"/>
      </object_component>
      <object_component id="oc-371">
         <name>.text:CPUcpsie</name>
         <load_address>0x7380</load_address>
         <run_address>0x7380</run_address>
         <size>0xc</size>
         <input_file_ref idref="fl-f9"/>
      </object_component>
      <object_component id="oc-2a">
         <name>.text</name>
         <load_address>0x738c</load_address>
         <run_address>0x738c</run_address>
         <size>0xc</size>
         <input_file_ref idref="fl-9"/>
      </object_component>
      <object_component id="oc-211">
         <name>.text:_outc</name>
         <load_address>0x7398</load_address>
         <run_address>0x7398</run_address>
         <size>0xa</size>
         <input_file_ref idref="fl-cc"/>
      </object_component>
      <object_component id="oc-1c0">
         <name>.text:__aeabi_errno_addr</name>
         <load_address>0x73a4</load_address>
         <run_address>0x73a4</run_address>
         <size>0x8</size>
         <input_file_ref idref="fl-e1"/>
      </object_component>
      <object_component id="oc-148">
         <name>.text:malloc</name>
         <load_address>0x73ac</load_address>
         <run_address>0x73ac</run_address>
         <size>0x8</size>
         <input_file_ref idref="fl-dd"/>
      </object_component>
      <object_component id="oc-9c">
         <name>.text:_system_pre_init</name>
         <load_address>0x73b4</load_address>
         <run_address>0x73b4</run_address>
         <size>0x4</size>
         <input_file_ref idref="fl-ea"/>
      </object_component>
      <object_component id="oc-171">
         <name>.text:abort:abort</name>
         <load_address>0x73b8</load_address>
         <run_address>0x73b8</run_address>
         <size>0x4</size>
         <input_file_ref idref="fl-ec"/>
      </object_component>
      <object_component id="oc-302">
         <name>.const:$O1$$</name>
         <load_address>0x73c0</load_address>
         <run_address>0x73c0</run_address>
         <size>0x158</size>
         <input_file_ref idref="fl-da"/>
      </object_component>
      <object_component id="oc-292">
         <name>.const:.string:_ctypes_</name>
         <load_address>0x7518</load_address>
         <run_address>0x7518</run_address>
         <size>0x101</size>
         <input_file_ref idref="fl-dc"/>
      </object_component>
      <object_component id="oc-252">
         <name>.const:.string:lineAddress$1</name>
         <load_address>0x7619</load_address>
         <run_address>0x7619</run_address>
         <size>0x4</size>
         <input_file_ref idref="fl-4"/>
      </object_component>
      <object_component id="oc-23a">
         <name>.const:$O1$$</name>
         <load_address>0x7620</load_address>
         <run_address>0x7620</run_address>
         <size>0x98</size>
         <input_file_ref idref="fl-c7"/>
      </object_component>
      <object_component id="oc-1c6">
         <name>.const:$O1$$</name>
         <load_address>0x76b8</load_address>
         <run_address>0x76b8</run_address>
         <size>0x30</size>
         <input_file_ref idref="fl-c5"/>
      </object_component>
      <object_component id="oc-123">
         <name>.const</name>
         <load_address>0x76e8</load_address>
         <run_address>0x76e8</run_address>
         <size>0x10</size>
         <input_file_ref idref="fl-5"/>
      </object_component>
      <object_component id="oc-26f">
         <name>.const:.string:$P$T0$3</name>
         <load_address>0x76f8</load_address>
         <run_address>0x76f8</run_address>
         <size>0xf</size>
         <input_file_ref idref="fl-7"/>
      </object_component>
      <object_component id="oc-253">
         <name>.const:.string:lineAddresses$2</name>
         <load_address>0x7707</load_address>
         <run_address>0x7707</run_address>
         <size>0x4</size>
         <input_file_ref idref="fl-4"/>
      </object_component>
      <object_component id="oc-49f">
         <name>.cinit..data.load</name>
         <load_address>0x7710</load_address>
         <run_address>0x7710</run_address>
         <size>0x21</size>
      </object_component>
      <object_component id="oc-49c">
         <name>__TI_handler_table</name>
         <load_address>0x7734</load_address>
         <run_address>0x7734</run_address>
         <size>0xc</size>
      </object_component>
      <object_component id="oc-4a0">
         <name>.cinit..bss.load</name>
         <load_address>0x7740</load_address>
         <run_address>0x7740</run_address>
         <size>0x8</size>
      </object_component>
      <object_component id="oc-49e">
         <name>.cinit..vtable.load</name>
         <load_address>0x7748</load_address>
         <run_address>0x7748</run_address>
         <size>0x8</size>
      </object_component>
      <object_component id="oc-49d">
         <name>__TI_cinit_table</name>
         <load_address>0x7750</load_address>
         <run_address>0x7750</run_address>
         <size>0x18</size>
      </object_component>
      <object_component id="oc-2ee">
         <name>.vtable</name>
         <uninitialized>true</uninitialized>
         <run_address>0x20000000</run_address>
         <size>0x26c</size>
         <input_file_ref idref="fl-f8"/>
      </object_component>
      <object_component id="oc-1ea">
         <name>.data</name>
         <load_address>0x20000f85</load_address>
         <run_address>0x20000f85</run_address>
         <size>0x1</size>
         <input_file_ref idref="fl-2"/>
      </object_component>
      <object_component id="oc-257">
         <name>.data</name>
         <load_address>0x20000f86</load_address>
         <run_address>0x20000f86</run_address>
         <size>0x1</size>
         <input_file_ref idref="fl-3"/>
      </object_component>
      <object_component id="oc-166">
         <name>.data:puttyIn</name>
         <load_address>0x20000f70</load_address>
         <run_address>0x20000f70</run_address>
         <size>0x15</size>
         <input_file_ref idref="fl-5"/>
      </object_component>
      <object_component id="oc-26c">
         <name>.data</name>
         <load_address>0x20000f50</load_address>
         <run_address>0x20000f50</run_address>
         <size>0x20</size>
         <input_file_ref idref="fl-7"/>
      </object_component>
      <object_component id="oc-1b4">
         <name>.data</name>
         <load_address>0x20000f98</load_address>
         <run_address>0x20000f98</run_address>
         <size>0x8</size>
         <input_file_ref idref="fl-8"/>
      </object_component>
      <object_component id="oc-384">
         <name>.data:$O1$$</name>
         <load_address>0x20000f90</load_address>
         <run_address>0x20000f90</run_address>
         <size>0x8</size>
         <input_file_ref idref="fl-dd"/>
      </object_component>
      <object_component id="oc-28d">
         <name>.data</name>
         <load_address>0x20000fa4</load_address>
         <run_address>0x20000fa4</run_address>
         <size>0x4</size>
         <input_file_ref idref="fl-e0"/>
      </object_component>
      <object_component id="oc-2d1">
         <name>.data</name>
         <load_address>0x20000fa0</load_address>
         <run_address>0x20000fa0</run_address>
         <size>0x4</size>
         <input_file_ref idref="fl-e1"/>
      </object_component>
      <object_component id="oc-2a3">
         <name>.data:$O1$$</name>
         <load_address>0x20000f88</load_address>
         <run_address>0x20000f88</run_address>
         <size>0x8</size>
         <input_file_ref idref="fl-ed"/>
      </object_component>
      <object_component id="oc-254">
         <name>.bss:lastbuffer$3</name>
         <uninitialized>true</uninitialized>
         <run_address>0x20000ed4</run_address>
         <size>0x54</size>
         <input_file_ref idref="fl-4"/>
      </object_component>
      <object_component id="oc-272">
         <name>.bss:firmware$2</name>
         <uninitialized>true</uninitialized>
         <run_address>0x20000f28</run_address>
         <size>0x18</size>
         <input_file_ref idref="fl-7"/>
      </object_component>
      <object_component id="oc-1ed">
         <name>.common:_timeout_ticks</name>
         <uninitialized>true</uninitialized>
         <run_address>0x20000f40</run_address>
         <size>0x4</size>
      </object_component>
      <object_component id="oc-120">
         <name>.common:tObject</name>
         <uninitialized>true</uninitialized>
         <run_address>0x20000e70</run_address>
         <size>0x64</size>
      </object_component>
      <object_component id="oc-16d">
         <name>.common:stopFlag</name>
         <uninitialized>true</uninitialized>
         <run_address>0x20000f4c</run_address>
         <size>0x1</size>
      </object_component>
      <object_component id="oc-1b1">
         <name>.common:overflow_event</name>
         <uninitialized>true</uninitialized>
         <run_address>0x20000f44</run_address>
         <size>0x4</size>
      </object_component>
      <object_component id="oc-169">
         <name>.common:uart_event</name>
         <uninitialized>true</uninitialized>
         <run_address>0x20000f48</run_address>
         <size>0x4</size>
      </object_component>
      <object_component id="oc-16c">
         <name>.common:uart_data</name>
         <uninitialized>true</uninitialized>
         <run_address>0x20000f4d</run_address>
         <size>0x1</size>
      </object_component>
      <object_component id="oc-24">
         <name>.sysmem</name>
         <uninitialized>true</uninitialized>
         <run_address>0x20000a70</run_address>
         <size>0x10</size>
         <input_file_ref idref="fl-dd"/>
      </object_component>
      <object_component id="oc-4a3">
         <name>.sysmem</name>
         <uninitialized>true</uninitialized>
         <run_address>0x20000a70</run_address>
         <size>0x0</size>
      </object_component>
      <object_component id="oc-27">
         <name>.stack</name>
         <uninitialized>true</uninitialized>
         <run_address>0x20000270</run_address>
         <size>0x4</size>
         <input_file_ref idref="fl-e2"/>
      </object_component>
      <object_component id="oc-4a2">
         <name>.stack</name>
         <uninitialized>true</uninitialized>
         <run_address>0x20000270</run_address>
         <size>0x0</size>
      </object_component>
      <object_component id="oc-c5">
         <name>.debug_info</name>
         <load_address>0x0</load_address>
         <run_address>0x0</run_address>
         <size>0x2c0</size>
         <input_file_ref idref="fl-2"/>
      </object_component>
      <object_component id="oc-1eb">
         <name>.debug_info</name>
         <load_address>0x2c0</load_address>
         <run_address>0x2c0</run_address>
         <size>0xce</size>
         <input_file_ref idref="fl-2"/>
      </object_component>
      <object_component id="oc-fe">
         <name>.debug_info</name>
         <load_address>0x38e</load_address>
         <run_address>0x38e</run_address>
         <size>0x516</size>
         <input_file_ref idref="fl-2"/>
      </object_component>
      <object_component id="oc-77">
         <name>.debug_info</name>
         <load_address>0x8a4</load_address>
         <run_address>0x8a4</run_address>
         <size>0x26b</size>
         <input_file_ref idref="fl-2"/>
      </object_component>
      <object_component id="oc-39">
         <name>.debug_info</name>
         <load_address>0xb0f</load_address>
         <run_address>0xb0f</run_address>
         <size>0x84</size>
         <input_file_ref idref="fl-2"/>
      </object_component>
      <object_component id="oc-c0">
         <name>.debug_info</name>
         <load_address>0xb93</load_address>
         <run_address>0xb93</run_address>
         <size>0x2a4</size>
         <input_file_ref idref="fl-2"/>
      </object_component>
      <object_component id="oc-7c">
         <name>.debug_info</name>
         <load_address>0xe37</load_address>
         <run_address>0xe37</run_address>
         <size>0xbb</size>
         <input_file_ref idref="fl-2"/>
      </object_component>
      <object_component id="oc-13d">
         <name>.debug_info</name>
         <load_address>0xef2</load_address>
         <run_address>0xef2</run_address>
         <size>0x183</size>
         <input_file_ref idref="fl-3"/>
      </object_component>
      <object_component id="oc-256">
         <name>.debug_info</name>
         <load_address>0x1075</load_address>
         <run_address>0x1075</run_address>
         <size>0x38e</size>
         <input_file_ref idref="fl-4"/>
      </object_component>
      <object_component id="oc-241">
         <name>.debug_info</name>
         <load_address>0x1403</load_address>
         <run_address>0x1403</run_address>
         <size>0x123</size>
         <input_file_ref idref="fl-4"/>
      </object_component>
      <object_component id="oc-137">
         <name>.debug_info</name>
         <load_address>0x1526</load_address>
         <run_address>0x1526</run_address>
         <size>0x8af</size>
         <input_file_ref idref="fl-4"/>
      </object_component>
      <object_component id="oc-232">
         <name>.debug_info</name>
         <load_address>0x1dd5</load_address>
         <run_address>0x1dd5</run_address>
         <size>0xcc</size>
         <input_file_ref idref="fl-4"/>
      </object_component>
      <object_component id="oc-219">
         <name>.debug_info</name>
         <load_address>0x1ea1</load_address>
         <run_address>0x1ea1</run_address>
         <size>0x2c</size>
         <input_file_ref idref="fl-4"/>
      </object_component>
      <object_component id="oc-228">
         <name>.debug_info</name>
         <load_address>0x1ecd</load_address>
         <run_address>0x1ecd</run_address>
         <size>0x35</size>
         <input_file_ref idref="fl-4"/>
      </object_component>
      <object_component id="oc-121">
         <name>.debug_info</name>
         <load_address>0x1f02</load_address>
         <run_address>0x1f02</run_address>
         <size>0x760</size>
         <input_file_ref idref="fl-5"/>
      </object_component>
      <object_component id="oc-124">
         <name>.debug_info</name>
         <load_address>0x2662</load_address>
         <run_address>0x2662</run_address>
         <size>0x128</size>
         <input_file_ref idref="fl-5"/>
      </object_component>
      <object_component id="oc-167">
         <name>.debug_info</name>
         <load_address>0x278a</load_address>
         <run_address>0x278a</run_address>
         <size>0xcb</size>
         <input_file_ref idref="fl-5"/>
      </object_component>
      <object_component id="oc-a3">
         <name>.debug_info</name>
         <load_address>0x2855</load_address>
         <run_address>0x2855</run_address>
         <size>0xbe9</size>
         <input_file_ref idref="fl-5"/>
      </object_component>
      <object_component id="oc-223">
         <name>.debug_info</name>
         <load_address>0x343e</load_address>
         <run_address>0x343e</run_address>
         <size>0x5aa</size>
         <input_file_ref idref="fl-5"/>
      </object_component>
      <object_component id="oc-22d">
         <name>.debug_info</name>
         <load_address>0x39e8</load_address>
         <run_address>0x39e8</run_address>
         <size>0x91</size>
         <input_file_ref idref="fl-5"/>
      </object_component>
      <object_component id="oc-16e">
         <name>.debug_info</name>
         <load_address>0x3a79</load_address>
         <run_address>0x3a79</run_address>
         <size>0x3d7</size>
         <input_file_ref idref="fl-6"/>
      </object_component>
      <object_component id="oc-161">
         <name>.debug_info</name>
         <load_address>0x3e50</load_address>
         <run_address>0x3e50</run_address>
         <size>0x6d3</size>
         <input_file_ref idref="fl-6"/>
      </object_component>
      <object_component id="oc-274">
         <name>.debug_info</name>
         <load_address>0x4523</load_address>
         <run_address>0x4523</run_address>
         <size>0x40b</size>
         <input_file_ref idref="fl-7"/>
      </object_component>
      <object_component id="oc-26d">
         <name>.debug_info</name>
         <load_address>0x492e</load_address>
         <run_address>0x492e</run_address>
         <size>0x120</size>
         <input_file_ref idref="fl-7"/>
      </object_component>
      <object_component id="oc-270">
         <name>.debug_info</name>
         <load_address>0x4a4e</load_address>
         <run_address>0x4a4e</run_address>
         <size>0xd5</size>
         <input_file_ref idref="fl-7"/>
      </object_component>
      <object_component id="oc-260">
         <name>.debug_info</name>
         <load_address>0x4b23</load_address>
         <run_address>0x4b23</run_address>
         <size>0x14d</size>
         <input_file_ref idref="fl-7"/>
      </object_component>
      <object_component id="oc-143">
         <name>.debug_info</name>
         <load_address>0x4c70</load_address>
         <run_address>0x4c70</run_address>
         <size>0x1997</size>
         <input_file_ref idref="fl-7"/>
      </object_component>
      <object_component id="oc-275">
         <name>.debug_info</name>
         <load_address>0x6607</load_address>
         <run_address>0x6607</run_address>
         <size>0x8b</size>
         <input_file_ref idref="fl-7"/>
      </object_component>
      <object_component id="oc-1b2">
         <name>.debug_info</name>
         <load_address>0x6692</load_address>
         <run_address>0x6692</run_address>
         <size>0x377</size>
         <input_file_ref idref="fl-8"/>
      </object_component>
      <object_component id="oc-1b5">
         <name>.debug_info</name>
         <load_address>0x6a09</load_address>
         <run_address>0x6a09</run_address>
         <size>0xe0</size>
         <input_file_ref idref="fl-8"/>
      </object_component>
      <object_component id="oc-d9">
         <name>.debug_info</name>
         <load_address>0x6ae9</load_address>
         <run_address>0x6ae9</run_address>
         <size>0x76d</size>
         <input_file_ref idref="fl-8"/>
      </object_component>
      <object_component id="oc-32">
         <name>.debug_info</name>
         <load_address>0x7256</load_address>
         <run_address>0x7256</run_address>
         <size>0x2aa</size>
         <input_file_ref idref="fl-9"/>
      </object_component>
      <object_component id="oc-13">
         <name>.debug_info</name>
         <load_address>0x7500</load_address>
         <run_address>0x7500</run_address>
         <size>0xe9</size>
         <input_file_ref idref="fl-9"/>
      </object_component>
      <object_component id="oc-2e">
         <name>.debug_info</name>
         <load_address>0x75e9</load_address>
         <run_address>0x75e9</run_address>
         <size>0x265</size>
         <input_file_ref idref="fl-9"/>
      </object_component>
      <object_component id="oc-16a">
         <name>.debug_info</name>
         <load_address>0x784e</load_address>
         <run_address>0x784e</run_address>
         <size>0x328</size>
         <input_file_ref idref="fl-a"/>
      </object_component>
      <object_component id="oc-f9">
         <name>.debug_info</name>
         <load_address>0x7b76</load_address>
         <run_address>0x7b76</run_address>
         <size>0x363</size>
         <input_file_ref idref="fl-a"/>
      </object_component>
      <object_component id="oc-1df">
         <name>.debug_info</name>
         <load_address>0x7ed9</load_address>
         <run_address>0x7ed9</run_address>
         <size>0x35e</size>
         <input_file_ref idref="fl-c5"/>
      </object_component>
      <object_component id="oc-1c7">
         <name>.debug_info</name>
         <load_address>0x8237</load_address>
         <run_address>0x8237</run_address>
         <size>0x128</size>
         <input_file_ref idref="fl-c5"/>
      </object_component>
      <object_component id="oc-e9">
         <name>.debug_info</name>
         <load_address>0x835f</load_address>
         <run_address>0x835f</run_address>
         <size>0xbf2</size>
         <input_file_ref idref="fl-c5"/>
      </object_component>
      <object_component id="oc-2e7">
         <name>.debug_info</name>
         <load_address>0x8f51</load_address>
         <run_address>0x8f51</run_address>
         <size>0x46</size>
         <input_file_ref idref="fl-c5"/>
      </object_component>
      <object_component id="oc-1da">
         <name>.debug_info</name>
         <load_address>0x8f97</load_address>
         <run_address>0x8f97</run_address>
         <size>0x39</size>
         <input_file_ref idref="fl-c5"/>
      </object_component>
      <object_component id="oc-2d0">
         <name>.debug_info</name>
         <load_address>0x8fd0</load_address>
         <run_address>0x8fd0</run_address>
         <size>0x2c5</size>
         <input_file_ref idref="fl-c6"/>
      </object_component>
      <object_component id="oc-1bb">
         <name>.debug_info</name>
         <load_address>0x9295</load_address>
         <run_address>0x9295</run_address>
         <size>0x24e</size>
         <input_file_ref idref="fl-c6"/>
      </object_component>
      <object_component id="oc-352">
         <name>.debug_info</name>
         <load_address>0x94e3</load_address>
         <run_address>0x94e3</run_address>
         <size>0x2f2</size>
         <input_file_ref idref="fl-c7"/>
      </object_component>
      <object_component id="oc-23b">
         <name>.debug_info</name>
         <load_address>0x97d5</load_address>
         <run_address>0x97d5</run_address>
         <size>0x131</size>
         <input_file_ref idref="fl-c7"/>
      </object_component>
      <object_component id="oc-12c">
         <name>.debug_info</name>
         <load_address>0x9906</load_address>
         <run_address>0x9906</run_address>
         <size>0x4ac</size>
         <input_file_ref idref="fl-c7"/>
      </object_component>
      <object_component id="oc-220">
         <name>.debug_info</name>
         <load_address>0x9db2</load_address>
         <run_address>0x9db2</run_address>
         <size>0x361</size>
         <input_file_ref idref="fl-c8"/>
      </object_component>
      <object_component id="oc-11b">
         <name>.debug_info</name>
         <load_address>0xa113</load_address>
         <run_address>0xa113</run_address>
         <size>0x79b</size>
         <input_file_ref idref="fl-c8"/>
      </object_component>
      <object_component id="oc-2e1">
         <name>.debug_info</name>
         <load_address>0xa8ae</load_address>
         <run_address>0xa8ae</run_address>
         <size>0x2f8</size>
         <input_file_ref idref="fl-c9"/>
      </object_component>
      <object_component id="oc-1d6">
         <name>.debug_info</name>
         <load_address>0xaba6</load_address>
         <run_address>0xaba6</run_address>
         <size>0x225</size>
         <input_file_ref idref="fl-c9"/>
      </object_component>
      <object_component id="oc-3c1">
         <name>.debug_info</name>
         <load_address>0xadcb</load_address>
         <run_address>0xadcb</run_address>
         <size>0x39</size>
         <input_file_ref idref="fl-c9"/>
      </object_component>
      <object_component id="oc-2e2">
         <name>.debug_info</name>
         <load_address>0xae04</load_address>
         <run_address>0xae04</run_address>
         <size>0x2c</size>
         <input_file_ref idref="fl-c9"/>
      </object_component>
      <object_component id="oc-202">
         <name>.debug_info</name>
         <load_address>0xae30</load_address>
         <run_address>0xae30</run_address>
         <size>0x361</size>
         <input_file_ref idref="fl-ca"/>
      </object_component>
      <object_component id="oc-105">
         <name>.debug_info</name>
         <load_address>0xb191</load_address>
         <run_address>0xb191</run_address>
         <size>0x7ae</size>
         <input_file_ref idref="fl-ca"/>
      </object_component>
      <object_component id="oc-2dc">
         <name>.debug_info</name>
         <load_address>0xb93f</load_address>
         <run_address>0xb93f</run_address>
         <size>0x161</size>
         <input_file_ref idref="fl-cb"/>
      </object_component>
      <object_component id="oc-218">
         <name>.debug_info</name>
         <load_address>0xbaa0</load_address>
         <run_address>0xbaa0</run_address>
         <size>0x333</size>
         <input_file_ref idref="fl-cc"/>
      </object_component>
      <object_component id="oc-111">
         <name>.debug_info</name>
         <load_address>0xbdd3</load_address>
         <run_address>0xbdd3</run_address>
         <size>0x1d1</size>
         <input_file_ref idref="fl-cc"/>
      </object_component>
      <object_component id="oc-20d">
         <name>.debug_info</name>
         <load_address>0xbfa4</load_address>
         <run_address>0xbfa4</run_address>
         <size>0x18d</size>
         <input_file_ref idref="fl-cc"/>
      </object_component>
      <object_component id="oc-213">
         <name>.debug_info</name>
         <load_address>0xc131</load_address>
         <run_address>0xc131</run_address>
         <size>0x16d</size>
         <input_file_ref idref="fl-cc"/>
      </object_component>
      <object_component id="oc-362">
         <name>.debug_info</name>
         <load_address>0xc29e</load_address>
         <run_address>0xc29e</run_address>
         <size>0x2c</size>
         <input_file_ref idref="fl-cc"/>
      </object_component>
      <object_component id="oc-361">
         <name>.debug_info</name>
         <load_address>0xc2ca</load_address>
         <run_address>0xc2ca</run_address>
         <size>0x340</size>
         <input_file_ref idref="fl-cd"/>
      </object_component>
      <object_component id="oc-248">
         <name>.debug_info</name>
         <load_address>0xc60a</load_address>
         <run_address>0xc60a</run_address>
         <size>0x208</size>
         <input_file_ref idref="fl-cd"/>
      </object_component>
      <object_component id="oc-356">
         <name>.debug_info</name>
         <load_address>0xc812</load_address>
         <run_address>0xc812</run_address>
         <size>0x1c6</size>
         <input_file_ref idref="fl-cd"/>
      </object_component>
      <object_component id="oc-35c">
         <name>.debug_info</name>
         <load_address>0xc9d8</load_address>
         <run_address>0xc9d8</run_address>
         <size>0x179</size>
         <input_file_ref idref="fl-cd"/>
      </object_component>
      <object_component id="oc-367">
         <name>.debug_info</name>
         <load_address>0xcb51</load_address>
         <run_address>0xcb51</run_address>
         <size>0x69</size>
         <input_file_ref idref="fl-cd"/>
      </object_component>
      <object_component id="oc-116">
         <name>.debug_info</name>
         <load_address>0xcbba</load_address>
         <run_address>0xcbba</run_address>
         <size>0x14c</size>
         <input_file_ref idref="fl-ce"/>
      </object_component>
      <object_component id="oc-1cc">
         <name>.debug_info</name>
         <load_address>0xcd06</load_address>
         <run_address>0xcd06</run_address>
         <size>0x128</size>
         <input_file_ref idref="fl-cf"/>
      </object_component>
      <object_component id="oc-1cf">
         <name>.debug_info</name>
         <load_address>0xce2e</load_address>
         <run_address>0xce2e</run_address>
         <size>0x12a</size>
         <input_file_ref idref="fl-cf"/>
      </object_component>
      <object_component id="oc-128">
         <name>.debug_info</name>
         <load_address>0xcf58</load_address>
         <run_address>0xcf58</run_address>
         <size>0x13a</size>
         <input_file_ref idref="fl-d0"/>
      </object_component>
      <object_component id="oc-ee">
         <name>.debug_info</name>
         <load_address>0xd092</load_address>
         <run_address>0xd092</run_address>
         <size>0x13a</size>
         <input_file_ref idref="fl-d1"/>
      </object_component>
      <object_component id="oc-134">
         <name>.debug_info</name>
         <load_address>0xd1cc</load_address>
         <run_address>0xd1cc</run_address>
         <size>0x12e</size>
         <input_file_ref idref="fl-d2"/>
      </object_component>
      <object_component id="oc-f4">
         <name>.debug_info</name>
         <load_address>0xd2fa</load_address>
         <run_address>0xd2fa</run_address>
         <size>0x13e</size>
         <input_file_ref idref="fl-d3"/>
      </object_component>
      <object_component id="oc-de">
         <name>.debug_info</name>
         <load_address>0xd438</load_address>
         <run_address>0xd438</run_address>
         <size>0x12c</size>
         <input_file_ref idref="fl-d4"/>
      </object_component>
      <object_component id="oc-e5">
         <name>.debug_info</name>
         <load_address>0xd564</load_address>
         <run_address>0xd564</run_address>
         <size>0x12c</size>
         <input_file_ref idref="fl-d5"/>
      </object_component>
      <object_component id="oc-3f">
         <name>.debug_info</name>
         <load_address>0xd690</load_address>
         <run_address>0xd690</run_address>
         <size>0x119</size>
         <input_file_ref idref="fl-d6"/>
      </object_component>
      <object_component id="oc-95">
         <name>.debug_info</name>
         <load_address>0xd7a9</load_address>
         <run_address>0xd7a9</run_address>
         <size>0x2d4</size>
         <input_file_ref idref="fl-d7"/>
      </object_component>
      <object_component id="oc-4d">
         <name>.debug_info</name>
         <load_address>0xda7d</load_address>
         <run_address>0xda7d</run_address>
         <size>0x1d2</size>
         <input_file_ref idref="fl-d7"/>
      </object_component>
      <object_component id="oc-90">
         <name>.debug_info</name>
         <load_address>0xdc4f</load_address>
         <run_address>0xdc4f</run_address>
         <size>0x46</size>
         <input_file_ref idref="fl-d7"/>
      </object_component>
      <object_component id="oc-ce">
         <name>.debug_info</name>
         <load_address>0xdc95</load_address>
         <run_address>0xdc95</run_address>
         <size>0x2c</size>
         <input_file_ref idref="fl-d7"/>
      </object_component>
      <object_component id="oc-49">
         <name>.debug_info</name>
         <load_address>0xdcc1</load_address>
         <run_address>0xdcc1</run_address>
         <size>0x2a8</size>
         <input_file_ref idref="fl-d8"/>
      </object_component>
      <object_component id="oc-1e">
         <name>.debug_info</name>
         <load_address>0xdf69</load_address>
         <run_address>0xdf69</run_address>
         <size>0x1ea</size>
         <input_file_ref idref="fl-d8"/>
      </object_component>
      <object_component id="oc-44">
         <name>.debug_info</name>
         <load_address>0xe153</load_address>
         <run_address>0xe153</run_address>
         <size>0x46</size>
         <input_file_ref idref="fl-d8"/>
      </object_component>
      <object_component id="oc-88">
         <name>.debug_info</name>
         <load_address>0xe199</load_address>
         <run_address>0xe199</run_address>
         <size>0x2c</size>
         <input_file_ref idref="fl-d8"/>
      </object_component>
      <object_component id="oc-86">
         <name>.debug_info</name>
         <load_address>0xe1c5</load_address>
         <run_address>0xe1c5</run_address>
         <size>0x29e</size>
         <input_file_ref idref="fl-d9"/>
      </object_component>
      <object_component id="oc-18">
         <name>.debug_info</name>
         <load_address>0xe463</load_address>
         <run_address>0xe463</run_address>
         <size>0x250</size>
         <input_file_ref idref="fl-d9"/>
      </object_component>
      <object_component id="oc-34">
         <name>.debug_info</name>
         <load_address>0xe6b3</load_address>
         <run_address>0xe6b3</run_address>
         <size>0x60</size>
         <input_file_ref idref="fl-d9"/>
      </object_component>
      <object_component id="oc-c7">
         <name>.debug_info</name>
         <load_address>0xe713</load_address>
         <run_address>0xe713</run_address>
         <size>0x46</size>
         <input_file_ref idref="fl-d9"/>
      </object_component>
      <object_component id="oc-81">
         <name>.debug_info</name>
         <load_address>0xe759</load_address>
         <run_address>0xe759</run_address>
         <size>0x39</size>
         <input_file_ref idref="fl-d9"/>
      </object_component>
      <object_component id="oc-306">
         <name>.debug_info</name>
         <load_address>0xe792</load_address>
         <run_address>0xe792</run_address>
         <size>0x3aa</size>
         <input_file_ref idref="fl-da"/>
      </object_component>
      <object_component id="oc-303">
         <name>.debug_info</name>
         <load_address>0xeb3c</load_address>
         <run_address>0xeb3c</run_address>
         <size>0x13a</size>
         <input_file_ref idref="fl-da"/>
      </object_component>
      <object_component id="oc-1f7">
         <name>.debug_info</name>
         <load_address>0xec76</load_address>
         <run_address>0xec76</run_address>
         <size>0x72f</size>
         <input_file_ref idref="fl-da"/>
      </object_component>
      <object_component id="oc-296">
         <name>.debug_info</name>
         <load_address>0xf3a5</load_address>
         <run_address>0xf3a5</run_address>
         <size>0x2b9</size>
         <input_file_ref idref="fl-db"/>
      </object_component>
      <object_component id="oc-156">
         <name>.debug_info</name>
         <load_address>0xf65e</load_address>
         <run_address>0xf65e</run_address>
         <size>0x17c</size>
         <input_file_ref idref="fl-db"/>
      </object_component>
      <object_component id="oc-392">
         <name>.debug_info</name>
         <load_address>0xf7da</load_address>
         <run_address>0xf7da</run_address>
         <size>0xf9</size>
         <input_file_ref idref="fl-dc"/>
      </object_component>
      <object_component id="oc-293">
         <name>.debug_info</name>
         <load_address>0xf8d3</load_address>
         <run_address>0xf8d3</run_address>
         <size>0x105</size>
         <input_file_ref idref="fl-dc"/>
      </object_component>
      <object_component id="oc-70">
         <name>.debug_info</name>
         <load_address>0xf9d8</load_address>
         <run_address>0xf9d8</run_address>
         <size>0x3b2</size>
         <input_file_ref idref="fl-dd"/>
      </object_component>
      <object_component id="oc-25">
         <name>.debug_info</name>
         <load_address>0xfd8a</load_address>
         <run_address>0xfd8a</run_address>
         <size>0x10c</size>
         <input_file_ref idref="fl-dd"/>
      </object_component>
      <object_component id="oc-385">
         <name>.debug_info</name>
         <load_address>0xfe96</load_address>
         <run_address>0xfe96</run_address>
         <size>0x13f</size>
         <input_file_ref idref="fl-dd"/>
      </object_component>
      <object_component id="oc-14b">
         <name>.debug_info</name>
         <load_address>0xffd5</load_address>
         <run_address>0xffd5</run_address>
         <size>0x168</size>
         <input_file_ref idref="fl-dd"/>
      </object_component>
      <object_component id="oc-299">
         <name>.debug_info</name>
         <load_address>0x1013d</load_address>
         <run_address>0x1013d</run_address>
         <size>0x18e</size>
         <input_file_ref idref="fl-dd"/>
      </object_component>
      <object_component id="oc-29e">
         <name>.debug_info</name>
         <load_address>0x102cb</load_address>
         <run_address>0x102cb</run_address>
         <size>0x19f</size>
         <input_file_ref idref="fl-dd"/>
      </object_component>
      <object_component id="oc-15b">
         <name>.debug_info</name>
         <load_address>0x1046a</load_address>
         <run_address>0x1046a</run_address>
         <size>0x203</size>
         <input_file_ref idref="fl-dd"/>
      </object_component>
      <object_component id="oc-380">
         <name>.debug_info</name>
         <load_address>0x1066d</load_address>
         <run_address>0x1066d</run_address>
         <size>0x1db</size>
         <input_file_ref idref="fl-dd"/>
      </object_component>
      <object_component id="oc-25b">
         <name>.debug_info</name>
         <load_address>0x10848</load_address>
         <run_address>0x10848</run_address>
         <size>0x1a5</size>
         <input_file_ref idref="fl-dd"/>
      </object_component>
      <object_component id="oc-27c">
         <name>.debug_info</name>
         <load_address>0x109ed</load_address>
         <run_address>0x109ed</run_address>
         <size>0x299</size>
         <input_file_ref idref="fl-dd"/>
      </object_component>
      <object_component id="oc-bb">
         <name>.debug_info</name>
         <load_address>0x10c86</load_address>
         <run_address>0x10c86</run_address>
         <size>0xb2</size>
         <input_file_ref idref="fl-dd"/>
      </object_component>
      <object_component id="oc-b6">
         <name>.debug_info</name>
         <load_address>0x10d38</load_address>
         <run_address>0x10d38</run_address>
         <size>0x2c</size>
         <input_file_ref idref="fl-dd"/>
      </object_component>
      <object_component id="oc-36d">
         <name>.debug_info</name>
         <load_address>0x10d64</load_address>
         <run_address>0x10d64</run_address>
         <size>0x28a</size>
         <input_file_ref idref="fl-de"/>
      </object_component>
      <object_component id="oc-24d">
         <name>.debug_info</name>
         <load_address>0x10fee</load_address>
         <run_address>0x10fee</run_address>
         <size>0x273</size>
         <input_file_ref idref="fl-de"/>
      </object_component>
      <object_component id="oc-204">
         <name>.debug_info</name>
         <load_address>0x11261</load_address>
         <run_address>0x11261</run_address>
         <size>0x2a4</size>
         <input_file_ref idref="fl-df"/>
      </object_component>
      <object_component id="oc-10b">
         <name>.debug_info</name>
         <load_address>0x11505</load_address>
         <run_address>0x11505</run_address>
         <size>0x24d</size>
         <input_file_ref idref="fl-df"/>
      </object_component>
      <object_component id="oc-291">
         <name>.debug_info</name>
         <load_address>0x11752</load_address>
         <run_address>0x11752</run_address>
         <size>0x2fe</size>
         <input_file_ref idref="fl-e0"/>
      </object_component>
      <object_component id="oc-28e">
         <name>.debug_info</name>
         <load_address>0x11a50</load_address>
         <run_address>0x11a50</run_address>
         <size>0x105</size>
         <input_file_ref idref="fl-e0"/>
      </object_component>
      <object_component id="oc-152">
         <name>.debug_info</name>
         <load_address>0x11b55</load_address>
         <run_address>0x11b55</run_address>
         <size>0x1ab</size>
         <input_file_ref idref="fl-e0"/>
      </object_component>
      <object_component id="oc-2d5">
         <name>.debug_info</name>
         <load_address>0x11d00</load_address>
         <run_address>0x11d00</run_address>
         <size>0x289</size>
         <input_file_ref idref="fl-e1"/>
      </object_component>
      <object_component id="oc-2d2">
         <name>.debug_info</name>
         <load_address>0x11f89</load_address>
         <run_address>0x11f89</run_address>
         <size>0x10e</size>
         <input_file_ref idref="fl-e1"/>
      </object_component>
      <object_component id="oc-1c2">
         <name>.debug_info</name>
         <load_address>0x12097</load_address>
         <run_address>0x12097</run_address>
         <size>0x14e</size>
         <input_file_ref idref="fl-e1"/>
      </object_component>
      <object_component id="oc-28">
         <name>.debug_info</name>
         <load_address>0x121e5</load_address>
         <run_address>0x121e5</run_address>
         <size>0x10b</size>
         <input_file_ref idref="fl-e2"/>
      </object_component>
      <object_component id="oc-60">
         <name>.debug_info</name>
         <load_address>0x122f0</load_address>
         <run_address>0x122f0</run_address>
         <size>0x1a9</size>
         <input_file_ref idref="fl-e2"/>
      </object_component>
      <object_component id="oc-309">
         <name>.debug_info</name>
         <load_address>0x12499</load_address>
         <run_address>0x12499</run_address>
         <size>0x288</size>
         <input_file_ref idref="fl-e3"/>
      </object_component>
      <object_component id="oc-1fd">
         <name>.debug_info</name>
         <load_address>0x12721</load_address>
         <run_address>0x12721</run_address>
         <size>0x327</size>
         <input_file_ref idref="fl-e3"/>
      </object_component>
      <object_component id="oc-2fb">
         <name>.debug_info</name>
         <load_address>0x12a48</load_address>
         <run_address>0x12a48</run_address>
         <size>0x28d</size>
         <input_file_ref idref="fl-e4"/>
      </object_component>
      <object_component id="oc-1f0">
         <name>.debug_info</name>
         <load_address>0x12cd5</load_address>
         <run_address>0x12cd5</run_address>
         <size>0x380</size>
         <input_file_ref idref="fl-e4"/>
      </object_component>
      <object_component id="oc-3d7">
         <name>.debug_info</name>
         <load_address>0x13055</load_address>
         <run_address>0x13055</run_address>
         <size>0x28a</size>
         <input_file_ref idref="fl-e5"/>
      </object_component>
      <object_component id="oc-2fd">
         <name>.debug_info</name>
         <load_address>0x132df</load_address>
         <run_address>0x132df</run_address>
         <size>0x22a</size>
         <input_file_ref idref="fl-e5"/>
      </object_component>
      <object_component id="oc-33f">
         <name>.debug_info</name>
         <load_address>0x13509</load_address>
         <run_address>0x13509</run_address>
         <size>0x590</size>
         <input_file_ref idref="fl-e6"/>
      </object_component>
      <object_component id="oc-315">
         <name>.debug_info</name>
         <load_address>0x13a99</load_address>
         <run_address>0x13a99</run_address>
         <size>0x21e</size>
         <input_file_ref idref="fl-e6"/>
      </object_component>
      <object_component id="oc-3ed">
         <name>.debug_info</name>
         <load_address>0x13cb7</load_address>
         <run_address>0x13cb7</run_address>
         <size>0x1b3</size>
         <input_file_ref idref="fl-e6"/>
      </object_component>
      <object_component id="oc-3f3">
         <name>.debug_info</name>
         <load_address>0x13e6a</load_address>
         <run_address>0x13e6a</run_address>
         <size>0x21b</size>
         <input_file_ref idref="fl-e6"/>
      </object_component>
      <object_component id="oc-31b">
         <name>.debug_info</name>
         <load_address>0x14085</load_address>
         <run_address>0x14085</run_address>
         <size>0x3c0</size>
         <input_file_ref idref="fl-e6"/>
      </object_component>
      <object_component id="oc-3fa">
         <name>.debug_info</name>
         <load_address>0x14445</load_address>
         <run_address>0x14445</run_address>
         <size>0x30a</size>
         <input_file_ref idref="fl-e6"/>
      </object_component>
      <object_component id="oc-400">
         <name>.debug_info</name>
         <load_address>0x1474f</load_address>
         <run_address>0x1474f</run_address>
         <size>0x215</size>
         <input_file_ref idref="fl-e6"/>
      </object_component>
      <object_component id="oc-321">
         <name>.debug_info</name>
         <load_address>0x14964</load_address>
         <run_address>0x14964</run_address>
         <size>0x215</size>
         <input_file_ref idref="fl-e6"/>
      </object_component>
      <object_component id="oc-327">
         <name>.debug_info</name>
         <load_address>0x14b79</load_address>
         <run_address>0x14b79</run_address>
         <size>0x304</size>
         <input_file_ref idref="fl-e6"/>
      </object_component>
      <object_component id="oc-32d">
         <name>.debug_info</name>
         <load_address>0x14e7d</load_address>
         <run_address>0x14e7d</run_address>
         <size>0x4b5</size>
         <input_file_ref idref="fl-e6"/>
      </object_component>
      <object_component id="oc-206">
         <name>.debug_info</name>
         <load_address>0x15332</load_address>
         <run_address>0x15332</run_address>
         <size>0x5f4</size>
         <input_file_ref idref="fl-e6"/>
      </object_component>
      <object_component id="oc-340">
         <name>.debug_info</name>
         <load_address>0x15926</load_address>
         <run_address>0x15926</run_address>
         <size>0x86</size>
         <input_file_ref idref="fl-e6"/>
      </object_component>
      <object_component id="oc-41f">
[...]
         <name>motor_cal_factor_L</name>
         <value>0x20000f50</value>
         <object_component_ref idref="oc-26c"/>
      </symbol>
      <symbol id="sm-294">
         <name>motor_cal_factor_R</name>
         <value>0x20000f54</value>
         <object_component_ref idref="oc-26c"/>
      </symbol>
      <symbol id="sm-295">
         <name>oi_parseInt</name>
         <value>0x72d3</value>
         <object_component_ref idref="oc-25f"/>
      </symbol>
      <symbol id="sm-296">
         <name>oi_setMotorCalibration</name>
         <value>0xdb1</value>
         <object_component_ref idref="oc-142"/>
      </symbol>
      <symbol id="sm-297">
         <name>oi_uartSendStr</name>
         <value>0xa59</value>
         <object_component_ref idref="oc-142"/>
      </symbol>
      <symbol id="sm-298">
         <name>oi_close</name>
         <value>0x2c7</value>
         <object_component_ref idref="oc-142"/>
      </symbol>
      <symbol id="sm-299">
         <name>oi_uartSendBuff</name>
         <value>0xa77</value>
         <object_component_ref idref="oc-142"/>
      </symbol>
      <symbol id="sm-29a">
         <name>oi_checkFirmware</name>
         <value>0xaa9</value>
         <object_component_ref idref="oc-142"/>
      </symbol>
      <symbol id="sm-29b">
         <name>oi_init_noupdate</name>
         <value>0x289</value>
         <object_component_ref idref="oc-142"/>
      </symbol>
      <symbol id="sm-29c">
         <name>oi_uartSendChar</name>
         <value>0xa15</value>
         <object_component_ref idref="oc-142"/>
      </symbol>
      <symbol id="sm-29d">
         <name>oi_alloc</name>
         <value>0x26d</value>
         <object_component_ref idref="oc-142"/>
      </symbol>
      <symbol id="sm-29e">
         <name>oi_getMotorCalibrationLeft</name>
         <value>0xded</value>
         <object_component_ref idref="oc-142"/>
      </symbol>
      <symbol id="sm-29f">
         <name>oi_loadSong</name>
         <value>0x915</value>
         <object_component_ref idref="oc-142"/>
      </symbol>
      <symbol id="sm-2a0">
         <name>oi_play_song</name>
         <value>0x96b</value>
         <object_component_ref idref="oc-142"/>
      </symbol>
      <symbol id="sm-2a1">
         <name>oi_parsePacket</name>
         <value>0x32b</value>
         <object_component_ref idref="oc-142"/>
      </symbol>
      <symbol id="sm-2a2">
         <name>oi_setLeds</name>
         <value>0x84b</value>
         <object_component_ref idref="oc-142"/>
      </symbol>
      <symbol id="sm-2a3">
         <name>oi_init</name>
         <value>0x2b1</value>
         <object_component_ref idref="oc-142"/>
      </symbol>
      <symbol id="sm-2a4">
         <name>oi_update</name>
         <value>0x2d9</value>
         <object_component_ref idref="oc-142"/>
      </symbol>
      <symbol id="sm-2a5">
         <name>oi_uartInit</name>
         <value>0x98d</value>
         <object_component_ref idref="oc-142"/>
      </symbol>
      <symbol id="sm-30b">
         <name>overflow_event</name>
         <value>0x20000f44</value>
      </symbol>
      <symbol id="sm-30c">
         <name>ping_read</name>
         <value>0x343d</value>
         <object_component_ref idref="oc-d7"/>
      </symbol>
      <symbol id="sm-30d">
         <name>servo_move</name>
         <value>0x358d</value>
         <object_component_ref idref="oc-d7"/>
      </symbol>
      <symbol id="sm-30e">
         <name>laser_read</name>
         <value>0x33a1</value>
         <object_component_ref idref="oc-d7"/>
      </symbol>
      <symbol id="sm-30f">
         <name>servo_init</name>
         <value>0x34f9</value>
         <object_component_ref idref="oc-d7"/>
      </symbol>
      <symbol id="sm-310">
         <name>laser_init</name>
         <value>0x3321</value>
         <object_component_ref idref="oc-d7"/>
      </symbol>
      <symbol id="sm-311">
         <name>init_sensors</name>
         <value>0x38d1</value>
         <object_component_ref idref="oc-d7"/>
      </symbol>
      <symbol id="sm-312">
         <name>ping_init</name>
         <value>0x33bf</value>
         <object_component_ref idref="oc-d7"/>
      </symbol>
      <symbol id="sm-313">
         <name>tMin</name>
         <value>0x20000f98</value>
         <object_component_ref idref="oc-1b4"/>
      </symbol>
      <symbol id="sm-314">
         <name>tMax</name>
         <value>0x20000f9c</value>
         <object_component_ref idref="oc-1b4"/>
      </symbol>
      <symbol id="sm-315">
         <name>servo_calibrate</name>
         <value>0x36e5</value>
         <object_component_ref idref="oc-d7"/>
      </symbol>
      <symbol id="sm-331">
         <name>ResetISR</name>
         <value>0x738d</value>
         <object_component_ref idref="oc-2a"/>
      </symbol>
      <symbol id="sm-332">
         <name>g_pfnVectors</name>
         <value>0x0</value>
         <object_component_ref idref="oc-12"/>
      </symbol>
      <symbol id="sm-365">
         <name>uart_event</name>
         <value>0x20000f48</value>
      </symbol>
      <symbol id="sm-366">
         <name>uart_data</name>
         <value>0x20000f4d</value>
      </symbol>
      <symbol id="sm-367">
         <name>uart_interrupt_handler</name>
         <value>0x58cd</value>
         <object_component_ref idref="oc-f7"/>
      </symbol>
      <symbol id="sm-368">
         <name>uart_sendChar</name>
         <value>0x5807</value>
         <object_component_ref idref="oc-f7"/>
      </symbol>
      <symbol id="sm-369">
         <name>uart_interrupt_init</name>
         <value>0x58ad</value>
         <object_component_ref idref="oc-f7"/>
      </symbol>
      <symbol id="sm-36a">
         <name>uart_init</name>
         <value>0x5781</value>
         <object_component_ref idref="oc-f7"/>
      </symbol>
      <symbol id="sm-36b">
         <name>uart_receive</name>
         <value>0x5851</value>
         <object_component_ref idref="oc-f7"/>
      </symbol>
      <symbol id="sm-36c">
         <name>uart_sendStr</name>
         <value>0x5887</value>
         <object_component_ref idref="oc-f7"/>
      </symbol>
      <symbol id="sm-402">
         <name>pow</name>
         <value>0x18dd</value>
         <object_component_ref idref="oc-e7"/>
      </symbol>
      <symbol id="sm-403">
         <name>powl</name>
         <value>0x18dd</value>
         <object_component_ref idref="oc-e7"/>
      </symbol>
      <symbol id="sm-425">
         <name>sqrtl</name>
         <value>0x5de5</value>
         <object_component_ref idref="oc-1ba"/>
      </symbol>
      <symbol id="sm-426">
         <name>sqrt</name>
         <value>0x5de5</value>
         <object_component_ref idref="oc-1ba"/>
      </symbol>
      <symbol id="sm-45c">
         <name>atanl</name>
         <value>0x4e0d</value>
         <object_component_ref idref="oc-12b"/>
      </symbol>
      <symbol id="sm-45d">
         <name>atan</name>
         <value>0x4e0d</value>
         <object_component_ref idref="oc-12b"/>
      </symbol>
      <symbol id="sm-4ae">
         <name>cosl</name>
         <value>0x3f91</value>
         <object_component_ref idref="oc-11a"/>
      </symbol>
      <symbol id="sm-4af">
         <name>cos</name>
         <value>0x3f91</value>
         <object_component_ref idref="oc-11a"/>
      </symbol>
      <symbol id="sm-4d6">
         <name>scalbn</name>
         <value>0x62d5</value>
         <object_component_ref idref="oc-1d3"/>
      </symbol>
      <symbol id="sm-4d7">
         <name>scalbnl</name>
         <value>0x62d5</value>
         <object_component_ref idref="oc-1d3"/>
      </symbol>
      <symbol id="sm-4d8">
         <name>ldexpl</name>
         <value>0x62d5</value>
         <object_component_ref idref="oc-1d3"/>
      </symbol>
      <symbol id="sm-4d9">
         <name>ldexp</name>
         <value>0x62d5</value>
         <object_component_ref idref="oc-1d3"/>
      </symbol>
      <symbol id="sm-529">
         <name>sin</name>
         <value>0x39b1</value>
         <object_component_ref idref="oc-103"/>
      </symbol>
      <symbol id="sm-52a">
         <name>sinl</name>
         <value>0x39b1</value>
         <object_component_ref idref="oc-103"/>
      </symbol>
      <symbol id="sm-534">
         <name>copysign</name>
         <value>0x7289</value>
         <object_component_ref idref="oc-2da"/>
      </symbol>
      <symbol id="sm-535">
         <name>copysignl</name>
         <value>0x7289</value>
         <object_component_ref idref="oc-2da"/>
      </symbol>
      <symbol id="sm-55c">
         <name>sprintf</name>
         <value>0x6f89</value>
         <object_component_ref idref="oc-10f"/>
      </symbol>
      <symbol id="sm-586">
         <name>vsnprintf</name>
         <value>0x7009</value>
         <object_component_ref idref="oc-246"/>
      </symbol>
      <symbol id="sm-59d">
         <name>__aeabi_dsub</name>
         <value>0x5949</value>
         <object_component_ref idref="oc-115"/>
      </symbol>
      <symbol id="sm-59e">
         <name>__aeabi_dadd</name>
         <value>0x5953</value>
         <object_component_ref idref="oc-115"/>
      </symbol>
      <symbol id="sm-5c0">
         <name>__aeabi_cdcmpeq</name>
         <value>0x69a1</value>
         <object_component_ref idref="oc-1c9"/>
      </symbol>
      <symbol id="sm-5c1">
         <name>__aeabi_cdcmple</name>
         <value>0x69a1</value>
         <object_component_ref idref="oc-1c9"/>
      </symbol>
      <symbol id="sm-5c2">
         <name>__aeabi_cdrcmple</name>
         <value>0x6a27</value>
         <object_component_ref idref="oc-1ce"/>
      </symbol>
      <symbol id="sm-5d6">
         <name>__aeabi_ddiv</name>
         <value>0x6079</value>
         <object_component_ref idref="oc-126"/>
      </symbol>
      <symbol id="sm-5e1">
         <name>__aeabi_dmul</name>
         <value>0x64e5</value>
         <object_component_ref idref="oc-ed"/>
      </symbol>
      <symbol id="sm-5eb">
         <name>__aeabi_d2iz</name>
         <value>0x6efd</value>
         <object_component_ref idref="oc-131"/>
      </symbol>
      <symbol id="sm-5f7">
         <name>__aeabi_d2f</name>
         <value>0x6c7b</value>
         <object_component_ref idref="oc-f2"/>
      </symbol>
      <symbol id="sm-602">
         <name>__aeabi_f2d</name>
         <value>0x70c1</value>
         <object_component_ref idref="oc-dd"/>
      </symbol>
      <symbol id="sm-60c">
         <name>__aeabi_i2d</name>
         <value>0x7191</value>
         <object_component_ref idref="oc-e2"/>
      </symbol>
      <symbol id="sm-627">
         <name>memcpy</name>
         <value>0x686f</value>
         <object_component_ref idref="oc-3e"/>
      </symbol>
      <symbol id="sm-628">
         <name>__aeabi_memcpy</name>
         <value>0x686f</value>
         <object_component_ref idref="oc-3e"/>
      </symbol>
      <symbol id="sm-629">
         <name>__aeabi_memcpy8</name>
         <value>0x686f</value>
         <object_component_ref idref="oc-3e"/>
      </symbol>
      <symbol id="sm-62a">
         <name>__aeabi_memcpy4</name>
         <value>0x686f</value>
         <object_component_ref idref="oc-3e"/>
      </symbol>
      <symbol id="sm-643">
         <name>__TI_zero_init_nomemset</name>
         <value>0x7235</value>
         <object_component_ref idref="oc-4a"/>
      </symbol>
      <symbol id="sm-65a">
         <name>__TI_decompress_none</name>
         <value>0x7373</value>
         <object_component_ref idref="oc-1b"/>
      </symbol>
      <symbol id="sm-67d">
         <name>__TI_decompress_lzss</name>
         <value>0x6ce9</value>
         <object_component_ref idref="oc-15"/>
      </symbol>
      <symbol id="sm-6e3">
         <name>__kernel_rem_pio2</name>
         <value>0x2be9</value>
         <object_component_ref idref="oc-1f5"/>
      </symbol>
      <symbol id="sm-6f9">
         <name>atoi</name>
         <value>0x6eb1</value>
         <object_component_ref idref="oc-154"/>
      </symbol>
      <symbol id="sm-704">
         <name>_ctypes_</name>
         <value>0x7518</value>
         <object_component_ref idref="oc-292"/>
      </symbol>
      <symbol id="sm-799">
         <name>_sys_memory</name>
         <value>0x20000a70</value>
         <object_component_ref idref="oc-24"/>
      </symbol>
      <symbol id="sm-79a">
         <name>free</name>
         <value>0x66d9</value>
         <object_component_ref idref="oc-15a"/>
      </symbol>
      <symbol id="sm-79b">
         <name>memalign</name>
         <value>0x63e5</value>
         <object_component_ref idref="oc-27a"/>
      </symbol>
      <symbol id="sm-79c">
         <name>calloc</name>
         <value>0x7089</value>
         <object_component_ref idref="oc-259"/>
      </symbol>
      <symbol id="sm-79d">
         <name>malloc</name>
         <value>0x73ad</value>
         <object_component_ref idref="oc-148"/>
      </symbol>
      <symbol id="sm-79e">
         <name>aligned_alloc</name>
         <value>0x63e5</value>
         <object_component_ref idref="oc-27a"/>
      </symbol>
      <symbol id="sm-7ad">
         <name>strcmp</name>
         <value>0x72eb</value>
         <object_component_ref idref="oc-24c"/>
      </symbol>
      <symbol id="sm-7bb">
         <name>strcpy</name>
         <value>0x7319</value>
         <object_component_ref idref="oc-109"/>
      </symbol>
      <symbol id="sm-7d3">
         <name>strtok</name>
         <value>0x6fc9</value>
         <object_component_ref idref="oc-14e"/>
      </symbol>
      <symbol id="sm-7e9">
         <name>__aeabi_errno_addr</name>
         <value>0x73a5</value>
         <object_component_ref idref="oc-1c0"/>
      </symbol>
      <symbol id="sm-7ea">
         <name>errno</name>
         <value>0x20000fa0</value>
         <object_component_ref idref="oc-2d1"/>
      </symbol>
      <symbol id="sm-7fd">
         <name>__stack</name>
         <value>0x20000270</value>
         <object_component_ref idref="oc-27"/>
      </symbol>
      <symbol id="sm-7fe">
         <name>_c_int00_noargs</name>
         <value>0x712d</value>
         <object_component_ref idref="oc-5c"/>
      </symbol>
      <symbol id="sm-814">
         <name>__kernel_cos</name>
         <value>0x5c75</value>
         <object_component_ref idref="oc-1fb"/>
      </symbol>
      <symbol id="sm-82b">
         <name>__kernel_sin</name>
         <value>0x5b01</value>
         <object_component_ref idref="oc-1ef"/>
      </symbol>
      <symbol id="sm-848">
         <name>floorl</name>
         <value>0x65e1</value>
         <object_component_ref idref="oc-2fc"/>
      </symbol>
      <symbol id="sm-849">
         <name>floor</name>
         <value>0x65e1</value>
         <object_component_ref idref="oc-2fc"/>
      </symbol>
      <symbol id="sm-9ae">
         <name>__TI_printfi</name>
         <value>0xe8d</value>
         <object_component_ref idref="oc-205"/>
      </symbol>
      <symbol id="sm-9bd">
         <name>__aeabi_memset</name>
         <value>0x6aaf</value>
         <object_component_ref idref="oc-96"/>
      </symbol>
      <symbol id="sm-9be">
         <name>memset</name>
         <value>0x6ab5</value>
         <object_component_ref idref="oc-96"/>
      </symbol>
      <symbol id="sm-9bf">
         <name>__aeabi_memset8</name>
         <value>0x6aaf</value>
         <object_component_ref idref="oc-96"/>
      </symbol>
      <symbol id="sm-9c0">
         <name>__aeabi_memset4</name>
         <value>0x6aaf</value>
         <object_component_ref idref="oc-96"/>
      </symbol>
      <symbol id="sm-9c1">
         <name>__aeabi_memclr8</name>
         <value>0x6aad</value>
         <object_component_ref idref="oc-96"/>
      </symbol>
      <symbol id="sm-9c2">
         <name>__aeabi_memclr4</name>
         <value>0x6aad</value>
         <object_component_ref idref="oc-96"/>
      </symbol>
      <symbol id="sm-9c3">
         <name>__aeabi_memclr</name>
         <value>0x6aad</value>
         <object_component_ref idref="oc-96"/>
      </symbol>
      <symbol id="sm-9d0">
         <name>__aeabi_uldivmod</name>
         <value>0x690b</value>
         <object_component_ref idref="oc-3e0"/>
      </symbol>
      <symbol id="sm-9f8">
         <name>__TI_auto_init_nobinit_nopinit</name>
         <value>0x6f45</value>
         <object_component_ref idref="oc-17d"/>
      </symbol>
      <symbol id="sm-a02">
         <name>_system_pre_init</name>
         <value>0x73b5</value>
         <object_component_ref idref="oc-9c"/>
      </symbol>
      <symbol id="sm-a0e">
         <name>C$$EXIT</name>
         <value>0x73b9</value>
         <object_component_ref idref="oc-171"/>
      </symbol>
      <symbol id="sm-a0f">
         <name>abort</name>
         <value>0x73b9</value>
         <object_component_ref idref="oc-171"/>
      </symbol>
      <symbol id="sm-a24">
         <name>_nop</name>
         <value>0x18db</value>
         <object_component_ref idref="oc-397"/>
      </symbol>
      <symbol id="sm-a25">
         <name>_lock</name>
         <value>0x20000f88</value>
         <object_component_ref idref="oc-2a3"/>
      </symbol>
      <symbol id="sm-a26">
         <name>_unlock</name>
         <value>0x20000f8c</value>
         <object_component_ref idref="oc-2a3"/>
      </symbol>
      <symbol id="sm-a35">
         <name>__TI_ltoa</name>
         <value>0x6e0b</value>
         <object_component_ref idref="oc-3e6"/>
      </symbol>
      <symbol id="sm-a46">
         <name>memccpy</name>
         <value>0x726d</value>
         <object_component_ref idref="oc-332"/>
      </symbol>
      <symbol id="sm-a56">
         <name>strchr</name>
         <value>0x7303</value>
         <object_component_ref idref="oc-40d"/>
      </symbol>
      <symbol id="sm-a67">
         <name>strcspn</name>
         <value>0x7211</value>
         <object_component_ref idref="oc-287"/>
      </symbol>
      <symbol id="sm-a75">
         <name>strlen</name>
         <value>0x732d</value>
         <object_component_ref idref="oc-30e"/>
      </symbol>
      <symbol id="sm-a87">
         <name>strspn</name>
         <value>0x71bf</value>
         <object_component_ref idref="oc-281"/>
      </symbol>
      <symbol id="sm-a9d">
         <name>frexpl</name>
         <value>0x6d51</value>
         <object_component_ref idref="oc-407"/>
      </symbol>
      <symbol id="sm-a9e">
         <name>frexp</name>
         <value>0x6d51</value>
         <object_component_ref idref="oc-407"/>
      </symbol>
      <symbol id="sm-ab7">
         <name>wcslen</name>
         <value>0x7341</value>
         <object_component_ref idref="oc-338"/>
      </symbol>
      <symbol id="sm-ac1">
         <name>__aeabi_idiv0</name>
         <value>0x5aff</value>
         <object_component_ref idref="oc-44e"/>
      </symbol>
      <symbol id="sm-ac2">
         <name>__aeabi_ldiv0</name>
         <value>0x5aff</value>
         <object_component_ref idref="oc-44e"/>
      </symbol>
      <symbol id="sm-af1">
         <name>IntRegister</name>
         <value>0x70f9</value>
         <object_component_ref idref="oc-1e3"/>
      </symbol>
      <symbol id="sm-af2">
         <name>g_pfnRAMVectors</name>
         <value>0x20000000</value>
         <object_component_ref idref="oc-2ee"/>
      </symbol>
      <symbol id="sm-af3">
         <name>IntMasterEnable</name>
         <value>0x7353</value>
         <object_component_ref idref="oc-266"/>
      </symbol>
      <symbol id="sm-afd">
         <name>CPUcpsie</name>
         <value>0x7381</value>
         <object_component_ref idref="oc-371"/>
      </symbol>
      <symbol id="sm-afe">
         <name>__TI_static_base__</name>
         <value>0x0</value>
      </symbol>
      <symbol id="sm-b01">
         <name>__mpu_init</name>
         <value>0x0</value>
      </symbol>
      <symbol id="sm-b02">
         <name>_system_post_cinit</name>
         <value>0x0</value>
      </symbol>
   </symbol_table>
   <title>Link successful</title>
</link_info>
