******************************************************************************
                  TI ARM Linker PC v20.2.6                     
******************************************************************************
>> Linked Mon Dec  5 21:25:16 2022

OUTPUT FILE NAME:   <z_final_proj.out>
ENTRY POINT SYMBOL: "_c_int00_noargs"  address: 00007145


MEMORY CONFIGURATION

         name            origin    length      used     unused   attr    fill
----------------------  --------  ---------  --------  --------  ----  --------
  FLASH                 00000000   00040000  00007777  00038889  R  X
  SRAM                  20000000   00008000  00000fa2  0000705e  RW X


SEGMENT ALLOCATION MAP

run origin  load origin   length   init length attrs members
----------  ----------- ---------- ----------- ----- -------
00000000    00000000    00007780   00007780    r-x
  00000000    00000000    0000026c   0000026c    r-- .intvecs
  0000026c    0000026c    00007168   00007168    r-x .text
  000073d8    000073d8    0000034b   0000034b    r-- .const
  00007728    00007728    00000058   00000058    r-- .cinit
20000000    20000000    00000fa8   00000000    rw-
  20000000    20000000    0000026c   00000000    rw- .vtable
  20000270    20000270    00000800   00000000    rw- .stack
  20000a70    20000a70    00000400   00000000    rw- .sysmem
  20000e70    20000e70    000000de   00000000    rw- .bss
  20000f50    20000f50    00000058   00000000    rw- .data


SECTION ALLOCATION MAP

 output                                  attributes/
section   page    origin      length       input sections
--------  ----  ----------  ----------   ----------------
.intvecs   0    00000000    0000026c     
                  00000000    0000026c     tm4c123gh6pm_startup_ccs.obj (.intvecs)

.text      0    0000026c    00007168     
                  0000026c    00000c20     open_interface.obj (.text)
                  00000e8c    00000a4e     rtsv7M4_T_le_v4SPD16_eabi.lib : _printfi.c.obj (.text:__TI_printfi)
                  000018da    00000002                                   : _lock.c.obj (.text:_nop)
                  000018dc    000009d0                                   : e_pow.c.obj (.text:pow)
                  000022ac    00000954     main.obj (.text)
                  00002c00    00000738     rtsv7M4_T_le_v4SPD16_eabi.lib : k_rem_pio2.c.obj (.text:__kernel_rem_pio2)
                  00003338    00000690     sensor.obj (.text)
                  000039c8    000005e0     rtsv7M4_T_le_v4SPD16_eabi.lib : s_sin.c.obj (.text:sin)
                  00003fa8    000005dc                                   : s_cos.c.obj (.text:cos)
                  00004584    00000578     movement.obj (.text)
                  00004afc    00000328     lcd.obj (.text)
                  00004e24    000002ec     rtsv7M4_T_le_v4SPD16_eabi.lib : s_atan.c.obj (.text:atan)
                  00005110    00000270                                   : _printfi.c.obj (.text:_pconv_a)
                  00005380    00000248     Timer.obj (.text)
                  000055c8    000001d0     rtsv7M4_T_le_v4SPD16_eabi.lib : _printfi.c.obj (.text:_pconv_g)
                  00005798    000001c8     uart.obj (.text)
                  00005960    000001b6     rtsv7M4_T_le_v4SPD16_eabi.lib : fd_add_t2.asm.obj (.text)
                  00005b16    00000002                                   : div0.asm.obj (.text)
                  00005b18    00000174                                   : k_sin.c.obj (.text:__kernel_sin)
                  00005c8c    00000170                                   : k_cos.c.obj (.text:__kernel_cos)
                  00005dfc    00000158                                   : e_sqrt.c.obj (.text:sqrt)
                  00005f54    0000013c                                   : _printfi.c.obj (.text:_pconv_e)
                  00006090    00000136                                   : fd_div_t2.asm.obj (.text)
                  000061c6    00000002     --HOLE-- [fill = 0]
                  000061c8    00000124                                   : _printfi.c.obj (.text:fcvt)
                  000062ec    00000110                                   : s_scalbn.c.obj (.text:scalbn)
                  000063fc    00000100                                   : memory.c.obj (.text:aligned_alloc)
                  000064fc    000000fc                                   : fd_mul_t2.asm.obj (.text)
                  000065f8    000000f8                                   : s_floor.c.obj (.text:floor)
                  000066f0    000000e4                                   : memory.c.obj (.text:free)
                  000067d4    000000b1                                   : _printfi.c.obj (.text:_ltostr)
                  00006885    00000001     --HOLE-- [fill = 0]
                  00006886    0000009c                                   : memcpy_t2.asm.obj (.text)
                  00006922    00000096                                   : ull_div_t2.asm.obj (.text)
                  000069b8    00000086                                   : fd_cmp_t2.asm.obj (.text:__aeabi_cdcmple)
                  00006a3e    00000086                                   : fd_cmp_t2.asm.obj (.text:__aeabi_cdrcmple)
                  00006ac4    0000007a                                   : memset_t2.asm.obj (.text)
                  00006b3e    00000002     --HOLE-- [fill = 0]
                  00006b40    00000074     button.obj (.text)
                  00006bb4    00000070     rtsv7M4_T_le_v4SPD16_eabi.lib : memory.c.obj (.text:split)
                  00006c24    0000006e                                   : _printfi.c.obj (.text:_mcpy)
                  00006c92    0000006e                                   : fd_tos_t2.asm.obj (.text)
                  00006d00    00000068                                   : copy_decompress_lzss.c.obj (.text:decompress:lzss:__TI_decompress_lzss)
                  00006d68    00000064                                   : s_frexp.c.obj (.text:frexp)
                  00006dcc    00000056                                   : _printfi.c.obj (.text:_pconv_f)
                  00006e22    00000054                                   : _ltoa.c.obj (.text:__TI_ltoa)
                  00006e76    00000052                                   : _printfi.c.obj (.text:_ecpy)
                  00006ec8    0000004c                                   : atoi.c.obj (.text:atoi)
                  00006f14    00000048                                   : fd_toi_t2.asm.obj (.text)
                  00006f5c    00000044                                   : autoinit.c.obj (.text:__TI_auto_init_nobinit_nopinit:__TI_auto_init_nobinit_nopinit)
                  00006fa0    00000040                                   : sprintf.c.obj (.text:sprintf)
                  00006fe0    00000040                                   : strtok.c.obj (.text:strtok)
                  00007020    00000040                                   : vsnprintf.c.obj (.text:vsnprintf)
                  00007060    0000003e                                   : _printfi.c.obj (.text:_fcpy)
                  0000709e    00000002     --HOLE-- [fill = 0]
                  000070a0    00000038                                   : memory.c.obj (.text:calloc)
                  000070d8    00000038                                   : fs_tod_t2.asm.obj (.text)
                  00007110    00000034     driverlib.lib : interrupt.obj (.text:IntRegister)
                  00007144    00000034     rtsv7M4_T_le_v4SPD16_eabi.lib : boot_cortex_m.c.obj (.text:_c_int00_noargs:_c_int00_noargs)
                  00007178    00000030                                   : vsnprintf.c.obj (.text:_outs)
                  000071a8    0000002e                                   : i_tofd_t2.asm.obj (.text)
                  000071d6    0000002a                                   : strspn.c.obj (.text:strspn)
                  00007200    00000028                                   : memory.c.obj (.text:free_list_insert)
                  00007228    00000024                                   : strcspn.c.obj (.text:strcspn)
                  0000724c    0000001c                                   : copy_zero_init.c.obj (.text:decompress:ZI:__TI_zero_init_nomemset:__TI_zero_init_nomemset)
                  00007268    0000001c                                   : memory.c.obj (.text:free_list_remove)
                  00007284    0000001c                                   : memccpy.c.obj (.text:memccpy)
                  000072a0    0000001a                                   : s_copysign.c.obj (.text:copysign)
                  000072ba    00000018                                   : vsnprintf.c.obj (.text:_outc)
                  000072d2    00000018                                   : sprintf.c.obj (.text:_outs)
                  000072ea    00000018     open_interface.obj (.text:oi_parseInt)
                  00007302    00000018     rtsv7M4_T_le_v4SPD16_eabi.lib : strcmp.c.obj (.text:strcmp)
                  0000731a    00000016                                   : strchr.c.obj (.text:strchr)
                  00007330    00000014                                   : strcpy.c.obj (.text:strcpy)
                  00007344    00000014                                   : strlen.c.obj (.text:strlen)
                  00007358    00000012                                   : wcslen.c.obj (.text:wcslen)
                  0000736a    00000010     driverlib.lib : interrupt.obj (.text:IntMasterEnable)
                  0000737a    00000010     lcd.obj (.text:lcd_clear)
                  0000738a    0000000e     rtsv7M4_T_le_v4SPD16_eabi.lib : copy_decompress_none.c.obj (.text:decompress:none:__TI_decompress_none)
                  00007398    0000000c     driverlib.lib : cpu.obj (.text:CPUcpsie)
                  000073a4    0000000c     tm4c123gh6pm_startup_ccs.obj (.text)
                  000073b0    0000000a     rtsv7M4_T_le_v4SPD16_eabi.lib : sprintf.c.obj (.text:_outc)
                  000073ba    00000002     --HOLE-- [fill = 0]
                  000073bc    00000008                                   : errno.c.obj (.text:__aeabi_errno_addr)
                  000073c4    00000008                                   : memory.c.obj (.text:malloc)
                  000073cc    00000004                                   : pre_init.c.obj (.text:_system_pre_init)
                  000073d0    00000004                                   : exit.c.obj (.text:abort:abort)

.const     0    000073d8    0000034b     
                  000073d8    00000158     rtsv7M4_T_le_v4SPD16_eabi.lib : k_rem_pio2.c.obj (.const:$O1$$)
                  00007530    00000101                                   : ctype.c.obj (.const:.string:_ctypes_)
                  00007631    00000004     lcd.obj (.const:.string:lineAddress$1)
                  00007635    00000003     --HOLE-- [fill = 0]
                  00007638    00000098     rtsv7M4_T_le_v4SPD16_eabi.lib : s_atan.c.obj (.const:$O1$$)
                  000076d0    00000030                                   : e_pow.c.obj (.const:$O1$$)
                  00007700    00000010     main.obj (.const)
                  00007710    0000000f     open_interface.obj (.const:.string:$P$T0$3)
                  0000771f    00000004     lcd.obj (.const:.string:lineAddresses$2)

.cinit     0    00007728    00000058     
                  00007728    00000021     (.cinit..data.load) [load image, compression = lzss]
                  00007749    00000003     --HOLE-- [fill = 0]
                  0000774c    0000000c     (__TI_handler_table)
                  00007758    00000008     (.cinit..bss.load) [load image, compression = zero_init]
                  00007760    00000008     (.cinit..vtable.load) [load image, compression = zero_init]
                  00007768    00000018     (__TI_cinit_table)

.init_array 
*          0    00000000    00000000     UNINITIALIZED

.vtable    0    20000000    0000026c     UNINITIALIZED
                  20000000    0000026c     driverlib.lib : interrupt.obj (.vtable)

.stack     0    20000270    00000800     UNINITIALIZED
                  20000270    00000004     rtsv7M4_T_le_v4SPD16_eabi.lib : boot_cortex_m.c.obj (.stack)
                  20000274    000007fc     --HOLE--

.sysmem    0    20000a70    00000400     UNINITIALIZED
                  20000a70    00000010     rtsv7M4_T_le_v4SPD16_eabi.lib : memory.c.obj (.sysmem)
                  20000a80    000003f0     --HOLE--

.bss       0    20000e70    000000de     UNINITIALIZED
                  20000e70    00000064     (.common:tObject)
                  20000ed4    00000054     lcd.obj (.bss:lastbuffer$3)
                  20000f28    00000018     open_interface.obj (.bss:firmware$2)
                  20000f40    00000004     (.common:_timeout_ticks)
                  20000f44    00000004     (.common:overflow_event)
                  20000f48    00000004     (.common:uart_event)
                  20000f4c    00000001     (.common:stopFlag)
                  20000f4d    00000001     (.common:uart_data)

.data      0    20000f50    00000058     UNINITIALIZED
                  20000f50    00000020     open_interface.obj (.data)
                  20000f70    00000015     main.obj (.data:puttyIn)
                  20000f85    00000001     Timer.obj (.data)
                  20000f86    00000001     button.obj (.data)
                  20000f87    00000001     --HOLE--
                  20000f88    00000008     rtsv7M4_T_le_v4SPD16_eabi.lib : _lock.c.obj (.data:$O1$$)
                  20000f90    00000008                                   : memory.c.obj (.data:$O1$$)
                  20000f98    00000008     sensor.obj (.data)
                  20000fa0    00000004     rtsv7M4_T_le_v4SPD16_eabi.lib : errno.c.obj (.data)
                  20000fa4    00000004                                   : strtok.c.obj (.data)

__llvm_prf_cnts 
*          0    20000000    00000000     UNINITIALIZED

MODULE SUMMARY

       Module                         code    ro data   rw data
       ------                         ----    -------   -------
    .\
       open_interface.obj             3128    15        56     
       main.obj                       2388    16        121    
       sensor.obj                     1680    0         12     
       movement.obj                   1400    0         1      
       lcd.obj                        824     8         84     
       tm4c123gh6pm_startup_ccs.obj   12      620       0      
       Timer.obj                      584     0         5      
       uart.obj                       456     0         5      
       button.obj                     116     0         1      
    +--+------------------------------+-------+---------+---------+
       Total:                         10588   659       285    
                                                               
    C:/ti/TivaWare_C_Series-2.2.0.295/driverlib/ccs/Debug/driverlib.lib
       interrupt.obj                  68      0         620    
       cpu.obj                        12      0         0      
    +--+------------------------------+-------+---------+---------+
       Total:                         80      0         620    
                                                               
    C:\ti\ccs1200\ccs\tools\compiler\ti-cgt-arm_20.2.6.LTS\lib\rtsv7M4_T_le_v4SPD16_eabi.lib
       _printfi.c.obj                 4851    0         0      
       e_pow.c.obj                    2512    48        0      
       k_rem_pio2.c.obj               1848    344       0      
       s_sin.c.obj                    1504    0         0      
       s_cos.c.obj                    1500    0         0      
       s_atan.c.obj                   748     152       0      
       memory.c.obj                   728     0         8      
       fd_add_t2.asm.obj              438     0         0      
       k_sin.c.obj                    372     0         0      
       k_cos.c.obj                    368     0         0      
       e_sqrt.c.obj                   344     0         0      
       fd_div_t2.asm.obj              310     0         0      
       s_scalbn.c.obj                 272     0         0      
       fd_cmp_t2.asm.obj              268     0         0      
       ctype.c.obj                    0       257       0      
       fd_mul_t2.asm.obj              252     0         0      
       s_floor.c.obj                  248     0         0      
       memcpy_t2.asm.obj              156     0         0      
       ull_div_t2.asm.obj             150     0         0      
       vsnprintf.c.obj                136     0         0      
       memset_t2.asm.obj              122     0         0      
       fd_tos_t2.asm.obj              110     0         0      
       copy_decompress_lzss.c.obj     104     0         0      
       s_frexp.c.obj                  100     0         0      
       sprintf.c.obj                  98      0         0      
       _ltoa.c.obj                    84      0         0      
       atoi.c.obj                     76      0         0      
       fd_toi_t2.asm.obj              72      0         0      
       autoinit.c.obj                 68      0         0      
       strtok.c.obj                   64      0         4      
       fs_tod_t2.asm.obj              56      0         0      
       boot_cortex_m.c.obj            52      0         0      
       i_tofd_t2.asm.obj              46      0         0      
       strspn.c.obj                   42      0         0      
       strcspn.c.obj                  36      0         0      
       copy_zero_init.c.obj           28      0         0      
       memccpy.c.obj                  28      0         0      
       s_copysign.c.obj               26      0         0      
       strcmp.c.obj                   24      0         0      
       strchr.c.obj                   22      0         0      
       strcpy.c.obj                   20      0         0      
       strlen.c.obj                   20      0         0      
       wcslen.c.obj                   18      0         0      
       copy_decompress_none.c.obj     14      0         0      
       errno.c.obj                    8       0         4      
       _lock.c.obj                    2       0         8      
       exit.c.obj                     4       0         0      
       pre_init.c.obj                 4       0         0      
       div0.asm.obj                   2       0         0      
    +--+------------------------------+-------+---------+---------+
       Total:                         18355   801       24     
                                                               
       Heap:                          0       0         1024   
       Stack:                         0       0         2048   
       Linker Generated:              0       85        0      
    +--+------------------------------+-------+---------+---------+
       Grand Total:                   29023   1545      4001   


LINKER GENERATED COPY TABLES

__TI_cinit_table @ 00007768 records: 3, size/record: 8, table size: 24
	.data: load addr=00007728, load size=00000021 bytes, run addr=20000f50, run size=00000058 bytes, compression=lzss
	.bss: load addr=00007758, load size=00000008 bytes, run addr=20000e70, run size=000000de bytes, compression=zero_init
	.vtable: load addr=00007760, load size=00000008 bytes, run addr=20000000, run size=0000026c bytes, compression=zero_init


LINKER GENERATED HANDLER TABLE

__TI_handler_table @ 0000774c records: 3, size/record: 4, table size: 12
	index: 0, handler: __TI_zero_init
	index: 1, handler: __TI_decompress_lzss
	index: 2, handler: __TI_decompress_none


GLOBAL SYMBOLS: SORTED ALPHABETICALLY BY Name 

address   name                          
-------   ----                          
000073d1  C$$EXIT                       
00007399  CPUcpsie                      
00000bc3  GPIOF_Handler                 
0000736b  IntMasterEnable               
00007111  IntRegister                   
000073a5  ResetISR                      
20000a70  __STACK_END                   
00000800  __STACK_SIZE                  
20000470  __STACK_TOP                   
00000400  __SYSMEM_SIZE                 
00007768  __TI_CINIT_Base               
00007780  __TI_CINIT_Limit              
0000774c  __TI_Handler_Table_Base       
00007758  __TI_Handler_Table_Limit      
00006f5d  __TI_auto_init_nobinit_nopinit
00006d01  __TI_decompress_lzss          
0000738b  __TI_decompress_none          
00006e23  __TI_ltoa                     
ffffffff  __TI_pprof_out_hndl           
00000e8d  __TI_printfi                  
ffffffff  __TI_prof_data_size           
ffffffff  __TI_prof_data_start          
00000000  __TI_static_base__            
0000724d  __TI_zero_init_nomemset       
000069b9  __aeabi_cdcmpeq               
000069b9  __aeabi_cdcmple               
00006a3f  __aeabi_cdrcmple              
00006c93  __aeabi_d2f                   
00006f15  __aeabi_d2iz                  
0000596b  __aeabi_dadd                  
00006091  __aeabi_ddiv                  
000064fd  __aeabi_dmul                  
00005961  __aeabi_dsub                  
000073bd  __aeabi_errno_addr            
000070d9  __aeabi_f2d                   
000071a9  __aeabi_i2d                   
00005b17  __aeabi_idiv0                 
00005b17  __aeabi_ldiv0                 
00006ac5  __aeabi_memclr                
00006ac5  __aeabi_memclr4               
00006ac5  __aeabi_memclr8               
00006887  __aeabi_memcpy                
00006887  __aeabi_memcpy4               
00006887  __aeabi_memcpy8               
00006ac7  __aeabi_memset                
00006ac7  __aeabi_memset4               
00006ac7  __aeabi_memset8               
00006923  __aeabi_uldivmod              
ffffffff  __binit__                     
ffffffff  __c_args__                    
00005c8d  __kernel_cos                  
00002c01  __kernel_rem_pio2             
00005b19  __kernel_sin                  
UNDEFED   __mpu_init                    
20000270  __stack                       
20000000  __start___llvm_prf_cnts       
20000000  __stop___llvm_prf_cnts        
00007145  _c_int00_noargs               
00007530  _ctypes_                      
20000f88  _lock                         
000018db  _nop                          
20000f85  _running                      
20000a70  _sys_memory                   
UNDEFED   _system_post_cinit            
000073cd  _system_pre_init              
20000f40  _timeout_ticks                
20000f8c  _unlock                       
00007700  a_las                         
000073d1  abort                         
000063fd  aligned_alloc                 
00004e25  atan                          
00004e25  atanl                         
00006ec9  atoi                          
00007704  b_las                         
ffffffff  binit                         
00006b6b  button_getButton              
00006b41  button_init                   
000070a1  calloc                        
000072a1  copysign                      
000072a1  copysignl                     
00003fa9  cos                           
00003fa9  cosl                          
00007708  degToRad                      
20000fa0  errno                         
000065f9  floor                         
000065f9  floorl                        
000066f1  free                          
00006d69  frexp                         
00006d69  frexpl                        
20000000  g_pfnRAMVectors               
00000000  g_pfnVectors                  
0000097f  go_charge                     
000038e9  init_sensors                  
00003339  laser_init                    
000033b9  laser_read                    
0000737b  lcd_clear                     
00004cd1  lcd_gotoLine                  
00004b39  lcd_init                      
00004d37  lcd_printf                    
00004bf9  lcd_putc                      
00004c31  lcd_puts                      
00004afd  lcd_reverseNibble             
00004c4f  lcd_sendCommand               
00004c8d  lcd_sendNibble                
00004cf9  lcd_setCursorPos              
000062ed  ldexp                         
000062ed  ldexpl                        
000026b1  main                          
000073c5  malloc                        
000022ad  measure_data                  
000063fd  memalign                      
00007285  memccpy                       
00006887  memcpy                        
00006acd  memset                        
0000770c  minObjDist                    
20000f50  motor_cal_factor_L            
20000f54  motor_cal_factor_R            
000047c5  move_forwards                 
0000026d  oi_alloc                      
00000aa9  oi_checkFirmware              
000002c7  oi_close                      
00000279  oi_free                       
00000ded  oi_getMotorCalibrationLeft    
00000e01  oi_getMotorCalibrationRight   
000002b1  oi_init                       
00000289  oi_init_noupdate              
00000915  oi_loadSong                   
000072eb  oi_parseInt                   
0000032b  oi_parsePacket                
0000096b  oi_play_song                  
0000084b  oi_setLeds                    
00000db1  oi_setMotorCalibration        
0000088f  oi_setWheels                  
00000b51  oi_shutoff_init               
0000098d  oi_uartInit                   
00000a31  oi_uartReceive                
00000a77  oi_uartSendBuff               
00000a15  oi_uartSendChar               
00000a59  oi_uartSendStr                
000002d9  oi_update                     
20000f44  overflow_event                
000033d7  ping_init                     
00003455  ping_read                     
000018dd  pow                           
000018dd  powl                          
20000f70  puttyIn                       
000062ed  scalbn                        
000062ed  scalbnl                       
000036fd  servo_calibrate               
00003511  servo_init                    
000035a5  servo_move                    
000039c9  sin                           
000039c9  sinl                          
00006fa1  sprintf                       
00005dfd  sqrt                          
00005dfd  sqrtl                         
20000f4c  stopFlag                      
0000731b  strchr                        
00007303  strcmp                        
00007331  strcpy                        
00007229  strcspn                       
00007345  strlen                        
000071d7  strspn                        
00006fe1  strtok                        
20000f9c  tMax                          
20000f98  tMin                          
20000e70  tObject                       
0000549f  timer_getMicros               
00005447  timer_getMillis               
00005381  timer_init                    
00005423  timer_pause                   
00005435  timer_resume                  
000053f9  timer_stop                    
000054f9  timer_waitMicros              
0000552b  timer_waitMillis              
00004585  turn_clockwise                
20000f4d  uart_data                     
20000f48  uart_event                    
00005799  uart_init                     
000058e5  uart_interrupt_handler        
000058c5  uart_interrupt_init           
00005869  uart_receive                  
0000581f  uart_sendChar                 
0000589f  uart_sendStr                  
00007021  vsnprintf                     
00007359  wcslen                        


GLOBAL SYMBOLS: SORTED BY Symbol Address 

address   name                          
-------   ----                          
00000000  __TI_static_base__            
00000000  g_pfnVectors                  
0000026d  oi_alloc                      
00000279  oi_free                       
00000289  oi_init_noupdate              
000002b1  oi_init                       
000002c7  oi_close                      
000002d9  oi_update                     
0000032b  oi_parsePacket                
00000400  __SYSMEM_SIZE                 
00000800  __STACK_SIZE                  
0000084b  oi_setLeds                    
0000088f  oi_setWheels                  
00000915  oi_loadSong                   
0000096b  oi_play_song                  
0000097f  go_charge                     
0000098d  oi_uartInit                   
00000a15  oi_uartSendChar               
00000a31  oi_uartReceive                
00000a59  oi_uartSendStr                
00000a77  oi_uartSendBuff               
00000aa9  oi_checkFirmware              
00000b51  oi_shutoff_init               
00000bc3  GPIOF_Handler                 
00000db1  oi_setMotorCalibration        
00000ded  oi_getMotorCalibrationLeft    
00000e01  oi_getMotorCalibrationRight   
00000e8d  __TI_printfi                  
000018db  _nop                          
000018dd  pow                           
000018dd  powl                          
000022ad  measure_data                  
000026b1  main                          
00002c01  __kernel_rem_pio2             
00003339  laser_init                    
000033b9  laser_read                    
000033d7  ping_init                     
00003455  ping_read                     
00003511  servo_init                    
000035a5  servo_move                    
000036fd  servo_calibrate               
000038e9  init_sensors                  
000039c9  sin                           
000039c9  sinl                          
00003fa9  cos                           
00003fa9  cosl                          
00004585  turn_clockwise                
000047c5  move_forwards                 
00004afd  lcd_reverseNibble             
00004b39  lcd_init                      
00004bf9  lcd_putc                      
00004c31  lcd_puts                      
00004c4f  lcd_sendCommand               
00004c8d  lcd_sendNibble                
00004cd1  lcd_gotoLine                  
00004cf9  lcd_setCursorPos              
00004d37  lcd_printf                    
00004e25  atan                          
00004e25  atanl                         
00005381  timer_init                    
000053f9  timer_stop                    
00005423  timer_pause                   
00005435  timer_resume                  
00005447  timer_getMillis               
0000549f  timer_getMicros               
000054f9  timer_waitMicros              
0000552b  timer_waitMillis              
00005799  uart_init                     
0000581f  uart_sendChar                 
00005869  uart_receive                  
0000589f  uart_sendStr                  
000058c5  uart_interrupt_init           
000058e5  uart_interrupt_handler        
00005961  __aeabi_dsub                  
0000596b  __aeabi_dadd                  
00005b17  __aeabi_idiv0                 
00005b17  __aeabi_ldiv0                 
00005b19  __kernel_sin                  
00005c8d  __kernel_cos                  
00005dfd  sqrt                          
00005dfd  sqrtl                         
00006091  __aeabi_ddiv                  
000062ed  ldexp                         
000062ed  ldexpl                        
000062ed  scalbn                        
000062ed  scalbnl                       
000063fd  aligned_alloc                 
000063fd  memalign                      
000064fd  __aeabi_dmul                  
000065f9  floor                         
000065f9  floorl                        
000066f1  free                          
00006887  __aeabi_memcpy                
00006887  __aeabi_memcpy4               
00006887  __aeabi_memcpy8               
00006887  memcpy                        
00006923  __aeabi_uldivmod              
000069b9  __aeabi_cdcmpeq               
000069b9  __aeabi_cdcmple               
00006a3f  __aeabi_cdrcmple              
00006ac5  __aeabi_memclr                
00006ac5  __aeabi_memclr4               
00006ac5  __aeabi_memclr8               
00006ac7  __aeabi_memset                
00006ac7  __aeabi_memset4               
00006ac7  __aeabi_memset8               
00006acd  memset                        
00006b41  button_init                   
00006b6b  button_getButton              
00006c93  __aeabi_d2f                   
00006d01  __TI_decompress_lzss          
00006d69  frexp                         
00006d69  frexpl                        
00006e23  __TI_ltoa                     
00006ec9  atoi                          
00006f15  __aeabi_d2iz                  
00006f5d  __TI_auto_init_nobinit_nopinit
00006fa1  sprintf                       
00006fe1  strtok                        
00007021  vsnprintf                     
000070a1  calloc                        
000070d9  __aeabi_f2d                   
00007111  IntRegister                   
00007145  _c_int00_noargs               
000071a9  __aeabi_i2d                   
000071d7  strspn                        
00007229  strcspn                       
0000724d  __TI_zero_init_nomemset       
00007285  memccpy                       
000072a1  copysign                      
000072a1  copysignl                     
000072eb  oi_parseInt                   
00007303  strcmp                        
0000731b  strchr                        
00007331  strcpy                        
00007345  strlen                        
00007359  wcslen                        
0000736b  IntMasterEnable               
0000737b  lcd_clear                     
0000738b  __TI_decompress_none          
00007399  CPUcpsie                      
000073a5  ResetISR                      
000073bd  __aeabi_errno_addr            
000073c5  malloc                        
000073cd  _system_pre_init              
000073d1  C$$EXIT                       
000073d1  abort                         
00007530  _ctypes_                      
00007700  a_las                         
00007704  b_las                         
00007708  degToRad                      
0000770c  minObjDist                    
0000774c  __TI_Handler_Table_Base       
00007758  __TI_Handler_Table_Limit      
00007768  __TI_CINIT_Base               
00007780  __TI_CINIT_Limit              
20000000  __start___llvm_prf_cnts       
20000000  __stop___llvm_prf_cnts        
20000000  g_pfnRAMVectors               
20000270  __stack                       
20000470  __STACK_TOP                   
20000a70  __STACK_END                   
20000a70  _sys_memory                   
20000e70  tObject                       
20000f40  _timeout_ticks                
20000f44  overflow_event                
20000f48  uart_event                    
20000f4c  stopFlag                      
20000f4d  uart_data                     
20000f50  motor_cal_factor_L            
20000f54  motor_cal_factor_R            
20000f70  puttyIn                       
20000f85  _running                      
20000f88  _lock                         
20000f8c  _unlock                       
20000f98  tMin                          
20000f9c  tMax                          
20000fa0  errno                         
ffffffff  __TI_pprof_out_hndl           
ffffffff  __TI_prof_data_size           
ffffffff  __TI_prof_data_start          
ffffffff  __binit__                     
ffffffff  __c_args__                    
ffffffff  binit                         
UNDEFED   __mpu_init                    
UNDEFED   _system_post_cinit            

[186 symbols]
